Component: ARM Compiler 6.16 Tool: armlink [5dfeaa00]

==============================================================================

Section Cross References

    main.o(.text.main) refers to system_stm32f10x.o(.text.SystemInit) for SystemInit
    main.o(.text.main) refers to my_gpio.o(.text.init_gpio) for init_gpio
    main.o(.text.main) refers to button.o(.text.init_button) for init_button
    main.o(.text.main) refers to my_delay.o(.text.init_my_delay) for init_my_delay
    main.o(.text.main) refers to terminal.o(.text.init_terminal) for init_terminal
    main.o(.text.main) refers to terminal.o(.bss.is_print_ready) for is_print_ready
    main.o(.text.main) refers to terminal.o(.text.send_str) for send_str
    main.o(.text.main) refers to terminal.o(.text.prepare_send) for prepare_send
    main.o(.ARM.exidx.text.main) refers to main.o(.text.main) for [Anonymous Symbol]
    my_gpio.o(.ARM.exidx.text.pin_high) refers to my_gpio.o(.text.pin_high) for [Anonymous Symbol]
    my_gpio.o(.ARM.exidx.text.pin_low) refers to my_gpio.o(.text.pin_low) for [Anonymous Symbol]
    my_gpio.o(.text.gpio_port_clock) refers to my_gpio.o(.text.gpio_get_state) for gpio_get_state
    my_gpio.o(.ARM.exidx.text.gpio_port_clock) refers to my_gpio.o(.text.gpio_port_clock) for [Anonymous Symbol]
    my_gpio.o(.ARM.exidx.text.gpio_get_state) refers to my_gpio.o(.text.gpio_get_state) for [Anonymous Symbol]
    my_gpio.o(.text.init_i2c1_port) refers to my_gpio.o(.text.init_gpio) for init_gpio
    my_gpio.o(.ARM.exidx.text.init_i2c1_port) refers to my_gpio.o(.text.init_i2c1_port) for [Anonymous Symbol]
    my_gpio.o(.text.init_gpio) refers to my_gpio.o(.text.gpio_port_clock) for gpio_port_clock
    my_gpio.o(.text.init_gpio) refers to my_gpio.o(.text.gpio_conf_set) for gpio_conf_set
    my_gpio.o(.ARM.exidx.text.init_gpio) refers to my_gpio.o(.text.init_gpio) for [Anonymous Symbol]
    my_gpio.o(.ARM.exidx.text.gpio_conf_set) refers to my_gpio.o(.text.gpio_conf_set) for [Anonymous Symbol]
    init_rcc.o(.ARM.exidx.text.init_HSE_PLL) refers to init_rcc.o(.text.init_HSE_PLL) for [Anonymous Symbol]
    my_delay.o(.text.init_my_delay) refers to system_stm32f10x.o(.data.SystemCoreClock) for SystemCoreClock
    my_delay.o(.text.init_my_delay) refers to my_delay.o(.text.SysTick_Config) for SysTick_Config
    my_delay.o(.ARM.exidx.text.init_my_delay) refers to my_delay.o(.text.init_my_delay) for [Anonymous Symbol]
    my_delay.o(.text.SysTick_Config) refers to my_delay.o(.text.__NVIC_SetPriority) for __NVIC_SetPriority
    my_delay.o(.ARM.exidx.text.SysTick_Config) refers to my_delay.o(.text.SysTick_Config) for [Anonymous Symbol]
    my_delay.o(.text.reset_start_ms) refers to my_delay.o(.text.get_ms) for get_ms
    my_delay.o(.text.reset_start_ms) refers to my_delay.o(.bss.start_ms) for start_ms
    my_delay.o(.ARM.exidx.text.reset_start_ms) refers to my_delay.o(.text.reset_start_ms) for [Anonymous Symbol]
    my_delay.o(.text.get_ms) refers to my_delay.o(.bss.ms) for ms
    my_delay.o(.ARM.exidx.text.get_ms) refers to my_delay.o(.text.get_ms) for [Anonymous Symbol]
    my_delay.o(.text.get_start_ms) refers to my_delay.o(.bss.start_ms) for start_ms
    my_delay.o(.ARM.exidx.text.get_start_ms) refers to my_delay.o(.text.get_start_ms) for [Anonymous Symbol]
    my_delay.o(.text.get_timeout_flag) refers to my_delay.o(.bss.timeout_flag) for timeout_flag
    my_delay.o(.ARM.exidx.text.get_timeout_flag) refers to my_delay.o(.text.get_timeout_flag) for [Anonymous Symbol]
    my_delay.o(.text.stop_timeout) refers to my_delay.o(.bss.timeout_flag) for timeout_flag
    my_delay.o(.ARM.exidx.text.stop_timeout) refers to my_delay.o(.text.stop_timeout) for [Anonymous Symbol]
    my_delay.o(.text.start_timeout) refers to my_delay.o(.bss.timeout_flag) for timeout_flag
    my_delay.o(.text.start_timeout) refers to my_delay.o(.text.reset_start_ms) for reset_start_ms
    my_delay.o(.ARM.exidx.text.start_timeout) refers to my_delay.o(.text.start_timeout) for [Anonymous Symbol]
    my_delay.o(.text.timeout) refers to my_delay.o(.text.get_ms) for get_ms
    my_delay.o(.text.timeout) refers to my_delay.o(.text.get_start_ms) for get_start_ms
    my_delay.o(.ARM.exidx.text.timeout) refers to my_delay.o(.text.timeout) for [Anonymous Symbol]
    my_delay.o(.text.delay_ms) refers to my_delay.o(.bss.ms) for ms
    my_delay.o(.ARM.exidx.text.delay_ms) refers to my_delay.o(.text.delay_ms) for [Anonymous Symbol]
    my_delay.o(.text.SysTick_Handler) refers to my_delay.o(.bss.ms) for ms
    my_delay.o(.text.SysTick_Handler) refers to button.o(.text.check_button1) for check_button1
    my_delay.o(.text.SysTick_Handler) refers to button.o(.text.check_button2) for check_button2
    my_delay.o(.ARM.exidx.text.SysTick_Handler) refers to my_delay.o(.text.SysTick_Handler) for [Anonymous Symbol]
    my_delay.o(.ARM.exidx.text.__NVIC_SetPriority) refers to my_delay.o(.text.__NVIC_SetPriority) for [Anonymous Symbol]
    button.o(.text.check_button1) refers to button.o(.bss.check_button1.button_count) for check_button1.button_count
    button.o(.text.check_button1) refers to button.o(.bss.button_state1) for button_state1
    button.o(.ARM.exidx.text.check_button1) refers to button.o(.text.check_button1) for [Anonymous Symbol]
    button.o(.text.check_button2) refers to button.o(.bss.check_button2.button_count) for check_button2.button_count
    button.o(.text.check_button2) refers to button.o(.bss.button_state2) for button_state2
    button.o(.ARM.exidx.text.check_button2) refers to button.o(.text.check_button2) for [Anonymous Symbol]
    button.o(.text.init_button) refers to my_gpio.o(.text.init_gpio) for init_gpio
    button.o(.ARM.exidx.text.init_button) refers to button.o(.text.init_button) for [Anonymous Symbol]
    my_math.o(.ARM.exidx.text.sum_of_array) refers to my_math.o(.text.sum_of_array) for [Anonymous Symbol]
    usart_better.o(.text.get_TBUFF_bussy) refers to usart_better.o(.bss.TBUFF_bussy) for TBUFF_bussy
    usart_better.o(.ARM.exidx.text.get_TBUFF_bussy) refers to usart_better.o(.text.get_TBUFF_bussy) for [Anonymous Symbol]
    usart_better.o(.text.set_TBUFF_bussy) refers to usart_better.o(.bss.TBUFF_bussy) for TBUFF_bussy
    usart_better.o(.ARM.exidx.text.set_TBUFF_bussy) refers to usart_better.o(.text.set_TBUFF_bussy) for [Anonymous Symbol]
    usart_better.o(.ARM.exidx.text.init_ring_buff) refers to usart_better.o(.text.init_ring_buff) for [Anonymous Symbol]
    usart_better.o(.text.set_TBUFF) refers to usart_better.o(.bss.TBUFF) for TBUFF
    usart_better.o(.ARM.exidx.text.set_TBUFF) refers to usart_better.o(.text.set_TBUFF) for [Anonymous Symbol]
    usart_better.o(.text.set_RBUFF) refers to usart_better.o(.bss.RBUFF) for RBUFF
    usart_better.o(.ARM.exidx.text.set_RBUFF) refers to usart_better.o(.text.set_RBUFF) for [Anonymous Symbol]
    usart_better.o(.text.get_RBUFF) refers to usart_better.o(.bss.RBUFF) for RBUFF
    usart_better.o(.ARM.exidx.text.get_RBUFF) refers to usart_better.o(.text.get_RBUFF) for [Anonymous Symbol]
    usart_better.o(.text.set_TXE) refers to usart_better.o(.bss.flag_TXE) for flag_TXE
    usart_better.o(.ARM.exidx.text.set_TXE) refers to usart_better.o(.text.set_TXE) for [Anonymous Symbol]
    usart_better.o(.text.reset_TXE) refers to usart_better.o(.bss.flag_TXE) for flag_TXE
    usart_better.o(.ARM.exidx.text.reset_TXE) refers to usart_better.o(.text.reset_TXE) for [Anonymous Symbol]
    usart_better.o(.text.recieve) refers to usart_better.o(.bss.RBUFF) for RBUFF
    usart_better.o(.text.recieve) refers to usart_better.o(.text.set_element) for set_element
    usart_better.o(.ARM.exidx.text.recieve) refers to usart_better.o(.text.recieve) for [Anonymous Symbol]
    usart_better.o(.ARM.exidx.text.set_element) refers to usart_better.o(.text.set_element) for [Anonymous Symbol]
    usart_better.o(.text.send_array) refers to usart_better.o(.bss.i) for i
    usart_better.o(.text.send_array) refers to usart_better.o(.data.array) for array
    usart_better.o(.text.send_array) refers to usart_better.o(.text.reset_TXE) for reset_TXE
    usart_better.o(.ARM.exidx.text.send_array) refers to usart_better.o(.text.send_array) for [Anonymous Symbol]
    usart_better.o(.text.send) refers to usart_better.o(.bss.TBUFF) for TBUFF
    usart_better.o(.text.send) refers to usart_better.o(.text.has_unread) for has_unread
    usart_better.o(.text.send) refers to usart_better.o(.text.reset_TXE) for reset_TXE
    usart_better.o(.text.send) refers to usart_better.o(.text.set_TBUFF_bussy) for set_TBUFF_bussy
    usart_better.o(.text.send) refers to usart_better.o(.text.get_element2) for get_element2
    usart_better.o(.ARM.exidx.text.send) refers to usart_better.o(.text.send) for [Anonymous Symbol]
    usart_better.o(.text.has_unread) refers to usart_better.o(.text.get_count) for get_count
    usart_better.o(.ARM.exidx.text.has_unread) refers to usart_better.o(.text.has_unread) for [Anonymous Symbol]
    usart_better.o(.ARM.exidx.text.get_element2) refers to usart_better.o(.text.get_element2) for [Anonymous Symbol]
    usart_better.o(.ARM.exidx.text.get_count) refers to usart_better.o(.text.get_count) for [Anonymous Symbol]
    usart_better.o(.text.write_data) refers to usart_better.o(.text.set_element) for set_element
    usart_better.o(.ARM.exidx.text.write_data) refers to usart_better.o(.text.write_data) for [Anonymous Symbol]
    usart_better.o(.text.get_TXE) refers to usart_better.o(.bss.flag_TXE) for flag_TXE
    usart_better.o(.ARM.exidx.text.get_TXE) refers to usart_better.o(.text.get_TXE) for [Anonymous Symbol]
    usart_better.o(.ARM.exidx.text.read_element) refers to usart_better.o(.text.read_element) for [Anonymous Symbol]
    usart_better.o(.ARM.exidx.text.get_element) refers to usart_better.o(.text.get_element) for [Anonymous Symbol]
    usart_better.o(.text.USART1_IRQHandler) refers to usart_better.o(.text.recieve) for recieve
    usart_better.o(.text.USART1_IRQHandler) refers to usart_better.o(.text.get_TXE) for get_TXE
    usart_better.o(.text.USART1_IRQHandler) refers to usart_better.o(.text.send) for send
    usart_better.o(.ARM.exidx.text.USART1_IRQHandler) refers to usart_better.o(.text.USART1_IRQHandler) for [Anonymous Symbol]
    usart_better.o(.text.BRR) refers to system_stm32f10x.o(.data.SystemCoreClock) for SystemCoreClock
    usart_better.o(.ARM.exidx.text.BRR) refers to usart_better.o(.text.BRR) for [Anonymous Symbol]
    usart_better.o(.text.init_usart) refers to usart_better.o(.text.BRR) for BRR
    usart_better.o(.text.init_usart) refers to usart_better.o(.text.__NVIC_EnableIRQ) for __NVIC_EnableIRQ
    usart_better.o(.text.init_usart) refers to my_gpio.o(.text.init_gpio) for init_gpio
    usart_better.o(.ARM.exidx.text.init_usart) refers to usart_better.o(.text.init_usart) for [Anonymous Symbol]
    usart_better.o(.ARM.exidx.text.__NVIC_EnableIRQ) refers to usart_better.o(.text.__NVIC_EnableIRQ) for [Anonymous Symbol]
    terminal.o(.text.ready_send) refers to my_delay.o(.text.stop_timeout) for stop_timeout
    terminal.o(.text.ready_send) refers to usart_better.o(.text.set_TXE) for set_TXE
    terminal.o(.ARM.exidx.text.ready_send) refers to terminal.o(.text.ready_send) for [Anonymous Symbol]
    terminal.o(.text.print) refers to usart_better.o(.text.get_TBUFF_bussy) for get_TBUFF_bussy
    terminal.o(.text.print) refers to usart_better.o(.text.set_TBUFF) for set_TBUFF
    terminal.o(.text.print) refers to usart_better.o(.text.set_TBUFF_bussy) for set_TBUFF_bussy
    terminal.o(.text.print) refers to terminal.o(.text.ready_send) for ready_send
    terminal.o(.ARM.exidx.text.print) refers to terminal.o(.text.print) for [Anonymous Symbol]
    terminal.o(.text.init_terminal) refers to usart_better.o(.text.init_usart) for init_usart
    terminal.o(.text.init_terminal) refers to terminal.o(.bss.buff_t) for buff_t
    terminal.o(.text.init_terminal) refers to usart_better.o(.text.init_ring_buff) for init_ring_buff
    terminal.o(.text.init_terminal) refers to terminal.o(.bss.TBUFF_terminal) for TBUFF_terminal
    terminal.o(.text.init_terminal) refers to terminal.o(.bss.buff_r) for buff_r
    terminal.o(.text.init_terminal) refers to terminal.o(.bss.RBUFF_terminal) for RBUFF_terminal
    terminal.o(.text.init_terminal) refers to terminal.o(.data.static_buff) for static_buff
    terminal.o(.text.init_terminal) refers to terminal.o(.bss.STATIC_WORD) for STATIC_WORD
    terminal.o(.text.init_terminal) refers to usart_better.o(.text.set_RBUFF) for set_RBUFF
    terminal.o(.text.init_terminal) refers to usart_better.o(.text.set_TBUFF) for set_TBUFF
    terminal.o(.ARM.exidx.text.init_terminal) refers to terminal.o(.text.init_terminal) for [Anonymous Symbol]
    terminal.o(.text.create_buff) refers to usart_better.o(.text.get_element) for get_element
    terminal.o(.text.create_buff) refers to usart_better.o(.text.set_element) for set_element
    terminal.o(.text.create_buff) refers to usart_better.o(.text.get_count) for get_count
    terminal.o(.ARM.exidx.text.create_buff) refers to terminal.o(.text.create_buff) for [Anonymous Symbol]
    terminal.o(.text.prepare_send) refers to terminal.o(.text.check_timeout) for check_timeout
    terminal.o(.text.prepare_send) refers to terminal.o(.bss.is_print_ready) for is_print_ready
    terminal.o(.text.prepare_send) refers to terminal.o(.bss.RBUFF_terminal) for RBUFF_terminal
    terminal.o(.text.prepare_send) refers to usart_better.o(.text.has_unread) for has_unread
    terminal.o(.text.prepare_send) refers to usart_better.o(.text.read_element) for read_element
    terminal.o(.text.prepare_send) refers to usart_better.o(.text.get_element) for get_element
    terminal.o(.text.prepare_send) refers to terminal.o(.bss.TBUFF_terminal) for TBUFF_terminal
    terminal.o(.text.prepare_send) refers to terminal.o(.text.create_buff) for create_buff
    terminal.o(.text.prepare_send) refers to my_delay.o(.text.start_timeout) for start_timeout
    terminal.o(.ARM.exidx.text.prepare_send) refers to terminal.o(.text.prepare_send) for [Anonymous Symbol]
    terminal.o(.text.check_timeout) refers to my_delay.o(.text.get_timeout_flag) for get_timeout_flag
    terminal.o(.text.check_timeout) refers to my_delay.o(.text.timeout) for timeout
    terminal.o(.ARM.exidx.text.check_timeout) refers to terminal.o(.text.check_timeout) for [Anonymous Symbol]
    terminal.o(.text.send_str) refers to terminal.o(.bss.STATIC_WORD) for STATIC_WORD
    terminal.o(.text.send_str) refers to terminal.o(.text.print) for print
    terminal.o(.text.send_str) refers to terminal.o(.bss.TBUFF_terminal) for TBUFF_terminal
    terminal.o(.text.send_str) refers to terminal.o(.bss.is_print_ready) for is_print_ready
    terminal.o(.ARM.exidx.text.send_str) refers to terminal.o(.text.send_str) for [Anonymous Symbol]
    startup_stm32f10x_md.o(STACK) refers (Special) to heapauxi.o(.text) for __use_two_region_memory
    startup_stm32f10x_md.o(HEAP) refers (Special) to heapauxi.o(.text) for __use_two_region_memory
    startup_stm32f10x_md.o(RESET) refers (Special) to heapauxi.o(.text) for __use_two_region_memory
    startup_stm32f10x_md.o(RESET) refers to startup_stm32f10x_md.o(STACK) for __initial_sp
    startup_stm32f10x_md.o(RESET) refers to startup_stm32f10x_md.o(.text) for Reset_Handler
    startup_stm32f10x_md.o(RESET) refers to my_delay.o(.text.SysTick_Handler) for SysTick_Handler
    startup_stm32f10x_md.o(RESET) refers to usart_better.o(.text.USART1_IRQHandler) for USART1_IRQHandler
    startup_stm32f10x_md.o(.text) refers (Special) to heapauxi.o(.text) for __use_two_region_memory
    startup_stm32f10x_md.o(.text) refers to system_stm32f10x.o(.text.SystemInit) for SystemInit
    startup_stm32f10x_md.o(.text) refers to __main.o(!!!main) for __main
    startup_stm32f10x_md.o(.text) refers to startup_stm32f10x_md.o(HEAP) for Heap_Mem
    startup_stm32f10x_md.o(.text) refers to startup_stm32f10x_md.o(STACK) for Stack_Mem
    system_stm32f10x.o(.text.SystemInit) refers to system_stm32f10x.o(.text.SetSysClock) for SetSysClock
    system_stm32f10x.o(.ARM.exidx.text.SystemInit) refers to system_stm32f10x.o(.text.SystemInit) for [Anonymous Symbol]
    system_stm32f10x.o(.text.SetSysClock) refers to system_stm32f10x.o(.text.SetSysClockTo72) for SetSysClockTo72
    system_stm32f10x.o(.ARM.exidx.text.SetSysClock) refers to system_stm32f10x.o(.text.SetSysClock) for [Anonymous Symbol]
    system_stm32f10x.o(.text.SystemCoreClockUpdate) refers to system_stm32f10x.o(.data.SystemCoreClock) for SystemCoreClock
    system_stm32f10x.o(.text.SystemCoreClockUpdate) refers to system_stm32f10x.o(.rodata.AHBPrescTable) for AHBPrescTable
    system_stm32f10x.o(.ARM.exidx.text.SystemCoreClockUpdate) refers to system_stm32f10x.o(.text.SystemCoreClockUpdate) for [Anonymous Symbol]
    system_stm32f10x.o(.ARM.exidx.text.SetSysClockTo72) refers to system_stm32f10x.o(.text.SetSysClockTo72) for [Anonymous Symbol]
    __main.o(!!!main) refers to __rtentry.o(.ARM.Collect$$rtentry$$00000000) for __rt_entry
    __rtentry.o(.ARM.Collect$$rtentry$$00000000) refers (Special) to __rtentry2.o(.ARM.Collect$$rtentry$$0000000A) for __rt_entry_li
    __rtentry.o(.ARM.Collect$$rtentry$$00000000) refers (Special) to __rtentry2.o(.ARM.Collect$$rtentry$$0000000D) for __rt_entry_main
    __rtentry.o(.ARM.Collect$$rtentry$$00000000) refers (Special) to __rtentry2.o(.ARM.Collect$$rtentry$$0000000C) for __rt_entry_postli_1
    __rtentry.o(.ARM.Collect$$rtentry$$00000000) refers (Special) to __rtentry2.o(.ARM.Collect$$rtentry$$00000009) for __rt_entry_postsh_1
    __rtentry.o(.ARM.Collect$$rtentry$$00000000) refers (Special) to __rtentry2.o(.ARM.Collect$$rtentry$$00000002) for __rt_entry_presh_1
    __rtentry.o(.ARM.Collect$$rtentry$$00000000) refers (Special) to __rtentry4.o(.ARM.Collect$$rtentry$$00000004) for __rt_entry_sh
    __rtentry2.o(.ARM.Collect$$rtentry$$00000008) refers to boardinit2.o(.text) for _platform_post_stackheap_init
    __rtentry2.o(.ARM.Collect$$rtentry$$0000000A) refers to libinit.o(.ARM.Collect$$libinit$$00000000) for __rt_lib_init
    __rtentry2.o(.ARM.Collect$$rtentry$$0000000B) refers to boardinit3.o(.text) for _platform_post_lib_init
    __rtentry2.o(.ARM.Collect$$rtentry$$0000000D) refers to main.o(.text.main) for main
    __rtentry2.o(.ARM.Collect$$rtentry$$0000000D) refers to exit.o(.text) for exit
    __rtentry2.o(.ARM.exidx) refers to __rtentry2.o(.ARM.Collect$$rtentry$$00000001) for .ARM.Collect$$rtentry$$00000001
    __rtentry2.o(.ARM.exidx) refers to __rtentry2.o(.ARM.Collect$$rtentry$$00000008) for .ARM.Collect$$rtentry$$00000008
    __rtentry2.o(.ARM.exidx) refers to __rtentry2.o(.ARM.Collect$$rtentry$$0000000A) for .ARM.Collect$$rtentry$$0000000A
    __rtentry2.o(.ARM.exidx) refers to __rtentry2.o(.ARM.Collect$$rtentry$$0000000B) for .ARM.Collect$$rtentry$$0000000B
    __rtentry2.o(.ARM.exidx) refers to __rtentry2.o(.ARM.Collect$$rtentry$$0000000D) for .ARM.Collect$$rtentry$$0000000D
    __rtentry4.o(.ARM.Collect$$rtentry$$00000004) refers to sys_stackheap_outer.o(.text) for __user_setup_stackheap
    __rtentry4.o(.ARM.exidx) refers to __rtentry4.o(.ARM.Collect$$rtentry$$00000004) for .ARM.Collect$$rtentry$$00000004
    sys_stackheap_outer.o(.text) refers to libspace.o(.text) for __user_perproc_libspace
    sys_stackheap_outer.o(.text) refers to startup_stm32f10x_md.o(.text) for __user_initial_stackheap
    exit.o(.text) refers to rtexit.o(.ARM.Collect$$rtexit$$00000000) for __rt_exit
    libinit.o(.ARM.Collect$$libinit$$00000000) refers (Special) to libinit2.o(.ARM.Collect$$libinit$$0000002E) for __rt_lib_init_alloca_1
    libinit.o(.ARM.Collect$$libinit$$00000000) refers (Special) to libinit2.o(.ARM.Collect$$libinit$$0000002C) for __rt_lib_init_argv_1
    libinit.o(.ARM.Collect$$libinit$$00000000) refers (Special) to libinit2.o(.ARM.Collect$$libinit$$0000001B) for __rt_lib_init_atexit_1
    libinit.o(.ARM.Collect$$libinit$$00000000) refers (Special) to libinit2.o(.ARM.Collect$$libinit$$00000021) for __rt_lib_init_clock_1
    libinit.o(.ARM.Collect$$libinit$$00000000) refers (Special) to libinit2.o(.ARM.Collect$$libinit$$00000032) for __rt_lib_init_cpp_1
    libinit.o(.ARM.Collect$$libinit$$00000000) refers (Special) to libinit2.o(.ARM.Collect$$libinit$$00000030) for __rt_lib_init_exceptions_1
    libinit.o(.ARM.Collect$$libinit$$00000000) refers (Special) to libinit2.o(.ARM.Collect$$libinit$$00000002) for __rt_lib_init_fp_1
    libinit.o(.ARM.Collect$$libinit$$00000000) refers (Special) to libinit2.o(.ARM.Collect$$libinit$$0000001F) for __rt_lib_init_fp_trap_1
    libinit.o(.ARM.Collect$$libinit$$00000000) refers (Special) to libinit2.o(.ARM.Collect$$libinit$$00000023) for __rt_lib_init_getenv_1
    libinit.o(.ARM.Collect$$libinit$$00000000) refers (Special) to libinit2.o(.ARM.Collect$$libinit$$0000000A) for __rt_lib_init_heap_1
    libinit.o(.ARM.Collect$$libinit$$00000000) refers (Special) to libinit2.o(.ARM.Collect$$libinit$$00000011) for __rt_lib_init_lc_collate_1
    libinit.o(.ARM.Collect$$libinit$$00000000) refers (Special) to libinit2.o(.ARM.Collect$$libinit$$00000013) for __rt_lib_init_lc_ctype_1
    libinit.o(.ARM.Collect$$libinit$$00000000) refers (Special) to libinit2.o(.ARM.Collect$$libinit$$00000015) for __rt_lib_init_lc_monetary_1
    libinit.o(.ARM.Collect$$libinit$$00000000) refers (Special) to libinit2.o(.ARM.Collect$$libinit$$00000017) for __rt_lib_init_lc_numeric_1
    libinit.o(.ARM.Collect$$libinit$$00000000) refers (Special) to libinit2.o(.ARM.Collect$$libinit$$00000019) for __rt_lib_init_lc_time_1
    libinit.o(.ARM.Collect$$libinit$$00000000) refers (Special) to libinit2.o(.ARM.Collect$$libinit$$00000004) for __rt_lib_init_preinit_1
    libinit.o(.ARM.Collect$$libinit$$00000000) refers (Special) to libinit2.o(.ARM.Collect$$libinit$$0000000E) for __rt_lib_init_rand_1
    libinit.o(.ARM.Collect$$libinit$$00000000) refers (Special) to libinit2.o(.ARM.Collect$$libinit$$00000033) for __rt_lib_init_return
    libinit.o(.ARM.Collect$$libinit$$00000000) refers (Special) to libinit2.o(.ARM.Collect$$libinit$$0000001D) for __rt_lib_init_signal_1
    libinit.o(.ARM.Collect$$libinit$$00000000) refers (Special) to libinit2.o(.ARM.Collect$$libinit$$00000025) for __rt_lib_init_stdio_1
    libinit.o(.ARM.Collect$$libinit$$00000000) refers (Special) to libinit2.o(.ARM.Collect$$libinit$$0000000C) for __rt_lib_init_user_alloc_1
    libspace.o(.text) refers to libspace.o(.bss) for __libspace_start
    rtexit.o(.ARM.Collect$$rtexit$$00000000) refers (Special) to rtexit2.o(.ARM.Collect$$rtexit$$00000004) for __rt_exit_exit
    rtexit.o(.ARM.Collect$$rtexit$$00000000) refers (Special) to rtexit2.o(.ARM.Collect$$rtexit$$00000003) for __rt_exit_ls
    rtexit.o(.ARM.Collect$$rtexit$$00000000) refers (Special) to rtexit2.o(.ARM.Collect$$rtexit$$00000002) for __rt_exit_prels_1
    rtexit.o(.ARM.exidx) refers (Special) to rtexit2.o(.ARM.Collect$$rtexit$$00000004) for __rt_exit_exit
    rtexit.o(.ARM.exidx) refers (Special) to rtexit2.o(.ARM.Collect$$rtexit$$00000003) for __rt_exit_ls
    rtexit.o(.ARM.exidx) refers (Special) to rtexit2.o(.ARM.Collect$$rtexit$$00000002) for __rt_exit_prels_1
    rtexit.o(.ARM.exidx) refers to rtexit.o(.ARM.Collect$$rtexit$$00000000) for .ARM.Collect$$rtexit$$00000000
    libinit2.o(.ARM.Collect$$libinit$$00000010) refers to libinit2.o(.ARM.Collect$$libinit$$0000000F) for .ARM.Collect$$libinit$$0000000F
    libinit2.o(.ARM.Collect$$libinit$$00000012) refers to libinit2.o(.ARM.Collect$$libinit$$0000000F) for .ARM.Collect$$libinit$$0000000F
    libinit2.o(.ARM.Collect$$libinit$$00000014) refers to libinit2.o(.ARM.Collect$$libinit$$0000000F) for .ARM.Collect$$libinit$$0000000F
    libinit2.o(.ARM.Collect$$libinit$$00000016) refers to libinit2.o(.ARM.Collect$$libinit$$0000000F) for .ARM.Collect$$libinit$$0000000F
    libinit2.o(.ARM.Collect$$libinit$$00000018) refers to libinit2.o(.ARM.Collect$$libinit$$0000000F) for .ARM.Collect$$libinit$$0000000F
    libinit2.o(.ARM.Collect$$libinit$$00000026) refers to argv_veneer.o(.emb_text) for __ARM_argv_veneer
    libinit2.o(.ARM.Collect$$libinit$$00000027) refers to argv_veneer.o(.emb_text) for __ARM_argv_veneer
    rtexit2.o(.ARM.Collect$$rtexit$$00000003) refers to libshutdown.o(.ARM.Collect$$libshutdown$$00000000) for __rt_lib_shutdown
    rtexit2.o(.ARM.Collect$$rtexit$$00000004) refers to sys_exit.o(.text) for _sys_exit
    rtexit2.o(.ARM.exidx) refers to rtexit2.o(.ARM.Collect$$rtexit$$00000001) for .ARM.Collect$$rtexit$$00000001
    rtexit2.o(.ARM.exidx) refers to rtexit2.o(.ARM.Collect$$rtexit$$00000003) for .ARM.Collect$$rtexit$$00000003
    rtexit2.o(.ARM.exidx) refers to rtexit2.o(.ARM.Collect$$rtexit$$00000004) for .ARM.Collect$$rtexit$$00000004
    argv_veneer.o(.emb_text) refers to no_argv.o(.text) for __ARM_get_argv
    sys_exit.o(.text) refers (Special) to use_no_semi.o(.text) for __I$use$semihosting
    sys_exit.o(.text) refers (Special) to indicate_semi.o(.text) for __semihosting_library_function
    sys_exit_hlt.o(.text) refers (Special) to use_no_semi.o(.text) for __I$use$semihosting
    sys_exit_hlt.o(.text) refers (Special) to indicate_semi.o(.text) for __semihosting_library_function
    _get_argv_nomalloc.o(.text) refers (Special) to hrguard.o(.text) for __heap_region$guard
    _get_argv_nomalloc.o(.text) refers to defsig_rtmem_outer.o(.text) for __rt_SIGRTMEM
    _get_argv_nomalloc.o(.text) refers to sys_command.o(.text) for _sys_command_string
    libshutdown.o(.ARM.Collect$$libshutdown$$00000000) refers (Special) to libshutdown2.o(.ARM.Collect$$libshutdown$$00000002) for __rt_lib_shutdown_cpp_1
    libshutdown.o(.ARM.Collect$$libshutdown$$00000000) refers (Special) to libshutdown2.o(.ARM.Collect$$libshutdown$$00000007) for __rt_lib_shutdown_fp_trap_1
    libshutdown.o(.ARM.Collect$$libshutdown$$00000000) refers (Special) to libshutdown2.o(.ARM.Collect$$libshutdown$$0000000F) for __rt_lib_shutdown_heap_1
    libshutdown.o(.ARM.Collect$$libshutdown$$00000000) refers (Special) to libshutdown2.o(.ARM.Collect$$libshutdown$$00000010) for __rt_lib_shutdown_return
    libshutdown.o(.ARM.Collect$$libshutdown$$00000000) refers (Special) to libshutdown2.o(.ARM.Collect$$libshutdown$$0000000A) for __rt_lib_shutdown_signal_1
    libshutdown.o(.ARM.Collect$$libshutdown$$00000000) refers (Special) to libshutdown2.o(.ARM.Collect$$libshutdown$$00000004) for __rt_lib_shutdown_stdio_1
    libshutdown.o(.ARM.Collect$$libshutdown$$00000000) refers (Special) to libshutdown2.o(.ARM.Collect$$libshutdown$$0000000C) for __rt_lib_shutdown_user_alloc_1
    sys_command.o(.text) refers (Special) to use_no_semi.o(.text) for __I$use$semihosting
    sys_command.o(.text) refers (Special) to indicate_semi.o(.text) for __semihosting_library_function
    sys_command_hlt.o(.text) refers (Special) to use_no_semi.o(.text) for __I$use$semihosting
    sys_command_hlt.o(.text) refers (Special) to indicate_semi.o(.text) for __semihosting_library_function
    defsig_rtmem_outer.o(.text) refers to defsig_rtmem_inner.o(.text) for __rt_SIGRTMEM_inner
    defsig_rtmem_outer.o(.text) refers to defsig_exit.o(.text) for __sig_exit
    defsig_rtmem_formal.o(.text) refers to rt_raise.o(.text) for __rt_raise
    rt_raise.o(.text) refers to __raise.o(.text) for __raise
    rt_raise.o(.text) refers to sys_exit.o(.text) for _sys_exit
    defsig_exit.o(.text) refers to sys_exit.o(.text) for _sys_exit
    defsig_rtmem_inner.o(.text) refers to defsig_general.o(.text) for __default_signal_display
    __raise.o(.text) refers to defsig.o(CL$$defsig) for __default_signal_handler
    defsig_general.o(.text) refers to sys_wrch.o(.text) for _ttywrch
    sys_wrch.o(.text) refers (Special) to use_no_semi.o(.text) for __I$use$semihosting
    sys_wrch.o(.text) refers (Special) to indicate_semi.o(.text) for __semihosting_library_function
    sys_wrch_hlt.o(.text) refers (Special) to use_no_semi.o(.text) for __I$use$semihosting
    sys_wrch_hlt.o(.text) refers (Special) to indicate_semi.o(.text) for __semihosting_library_function
    defsig.o(CL$$defsig) refers to defsig_rtmem_inner.o(.text) for __rt_SIGRTMEM_inner
    defsig_abrt_inner.o(.text) refers to defsig_general.o(.text) for __default_signal_display
    defsig_fpe_inner.o(.text) refers to defsig_general.o(.text) for __default_signal_display
    defsig_rtred_inner.o(.text) refers to defsig_general.o(.text) for __default_signal_display
    defsig_stak_inner.o(.text) refers to defsig_general.o(.text) for __default_signal_display
    defsig_pvfn_inner.o(.text) refers to defsig_general.o(.text) for __default_signal_display
    defsig_cppl_inner.o(.text) refers to defsig_general.o(.text) for __default_signal_display
    defsig_segv_inner.o(.text) refers to defsig_general.o(.text) for __default_signal_display
    defsig_other.o(.text) refers to defsig_general.o(.text) for __default_signal_display


==============================================================================

Removing Unused input sections from the image.

    Removing main.o(.text), (0 bytes).
    Removing main.o(.ARM.exidx.text.main), (8 bytes).
    Removing main.o(.ARM.use_no_argv), (4 bytes).
    Removing my_gpio.o(.text), (0 bytes).
    Removing my_gpio.o(.text.pin_high), (30 bytes).
    Removing my_gpio.o(.ARM.exidx.text.pin_high), (8 bytes).
    Removing my_gpio.o(.text.pin_low), (28 bytes).
    Removing my_gpio.o(.ARM.exidx.text.pin_low), (8 bytes).
    Removing my_gpio.o(.ARM.exidx.text.gpio_port_clock), (8 bytes).
    Removing my_gpio.o(.ARM.exidx.text.gpio_get_state), (8 bytes).
    Removing my_gpio.o(.text.init_i2c1_port), (42 bytes).
    Removing my_gpio.o(.ARM.exidx.text.init_i2c1_port), (8 bytes).
    Removing my_gpio.o(.ARM.exidx.text.init_gpio), (8 bytes).
    Removing my_gpio.o(.ARM.exidx.text.gpio_conf_set), (8 bytes).
    Removing init_rcc.o(.text), (0 bytes).
    Removing init_rcc.o(.text.init_HSE_PLL), (110 bytes).
    Removing init_rcc.o(.ARM.exidx.text.init_HSE_PLL), (8 bytes).
    Removing my_delay.o(.text), (0 bytes).
    Removing my_delay.o(.ARM.exidx.text.init_my_delay), (8 bytes).
    Removing my_delay.o(.ARM.exidx.text.SysTick_Config), (8 bytes).
    Removing my_delay.o(.ARM.exidx.text.reset_start_ms), (8 bytes).
    Removing my_delay.o(.ARM.exidx.text.get_ms), (8 bytes).
    Removing my_delay.o(.ARM.exidx.text.get_start_ms), (8 bytes).
    Removing my_delay.o(.ARM.exidx.text.get_timeout_flag), (8 bytes).
    Removing my_delay.o(.ARM.exidx.text.stop_timeout), (8 bytes).
    Removing my_delay.o(.ARM.exidx.text.start_timeout), (8 bytes).
    Removing my_delay.o(.ARM.exidx.text.timeout), (8 bytes).
    Removing my_delay.o(.text.delay_ms), (54 bytes).
    Removing my_delay.o(.ARM.exidx.text.delay_ms), (8 bytes).
    Removing my_delay.o(.ARM.exidx.text.SysTick_Handler), (8 bytes).
    Removing my_delay.o(.ARM.exidx.text.__NVIC_SetPriority), (8 bytes).
    Removing my_delay.o(.bss.timeout_enable), (1 bytes).
    Removing button.o(.text), (0 bytes).
    Removing button.o(.ARM.exidx.text.check_button1), (8 bytes).
    Removing button.o(.ARM.exidx.text.check_button2), (8 bytes).
    Removing button.o(.ARM.exidx.text.init_button), (8 bytes).
    Removing my_math.o(.text), (0 bytes).
    Removing my_math.o(.text.sum_of_array), (74 bytes).
    Removing my_math.o(.ARM.exidx.text.sum_of_array), (8 bytes).
    Removing usart_better.o(.text), (0 bytes).
    Removing usart_better.o(.ARM.exidx.text.get_TBUFF_bussy), (8 bytes).
    Removing usart_better.o(.ARM.exidx.text.set_TBUFF_bussy), (8 bytes).
    Removing usart_better.o(.ARM.exidx.text.init_ring_buff), (8 bytes).
    Removing usart_better.o(.ARM.exidx.text.set_TBUFF), (8 bytes).
    Removing usart_better.o(.ARM.exidx.text.set_RBUFF), (8 bytes).
    Removing usart_better.o(.text.get_RBUFF), (12 bytes).
    Removing usart_better.o(.ARM.exidx.text.get_RBUFF), (8 bytes).
    Removing usart_better.o(.ARM.exidx.text.set_TXE), (8 bytes).
    Removing usart_better.o(.ARM.exidx.text.reset_TXE), (8 bytes).
    Removing usart_better.o(.ARM.exidx.text.recieve), (8 bytes).
    Removing usart_better.o(.ARM.exidx.text.set_element), (8 bytes).
    Removing usart_better.o(.text.send_array), (64 bytes).
    Removing usart_better.o(.ARM.exidx.text.send_array), (8 bytes).
    Removing usart_better.o(.ARM.exidx.text.send), (8 bytes).
    Removing usart_better.o(.ARM.exidx.text.has_unread), (8 bytes).
    Removing usart_better.o(.ARM.exidx.text.get_element2), (8 bytes).
    Removing usart_better.o(.ARM.exidx.text.get_count), (8 bytes).
    Removing usart_better.o(.text.write_data), (24 bytes).
    Removing usart_better.o(.ARM.exidx.text.write_data), (8 bytes).
    Removing usart_better.o(.ARM.exidx.text.get_TXE), (8 bytes).
    Removing usart_better.o(.ARM.exidx.text.read_element), (8 bytes).
    Removing usart_better.o(.ARM.exidx.text.get_element), (8 bytes).
    Removing usart_better.o(.ARM.exidx.text.USART1_IRQHandler), (8 bytes).
    Removing usart_better.o(.ARM.exidx.text.BRR), (8 bytes).
    Removing usart_better.o(.ARM.exidx.text.init_usart), (8 bytes).
    Removing usart_better.o(.ARM.exidx.text.__NVIC_EnableIRQ), (8 bytes).
    Removing usart_better.o(.data.array), (5 bytes).
    Removing usart_better.o(.bss.i), (1 bytes).
    Removing terminal.o(.text), (0 bytes).
    Removing terminal.o(.ARM.exidx.text.ready_send), (8 bytes).
    Removing terminal.o(.ARM.exidx.text.print), (8 bytes).
    Removing terminal.o(.ARM.exidx.text.init_terminal), (8 bytes).
    Removing terminal.o(.ARM.exidx.text.create_buff), (8 bytes).
    Removing terminal.o(.ARM.exidx.text.prepare_send), (8 bytes).
    Removing terminal.o(.ARM.exidx.text.check_timeout), (8 bytes).
    Removing terminal.o(.ARM.exidx.text.send_str), (8 bytes).
    Removing terminal.o(.bss.buff_t2), (16 bytes).
    Removing terminal.o(.bss.TBUFF_terminal2), (12 bytes).
    Removing system_stm32f10x.o(.text), (0 bytes).
    Removing system_stm32f10x.o(.ARM.exidx.text.SystemInit), (8 bytes).
    Removing system_stm32f10x.o(.ARM.exidx.text.SetSysClock), (8 bytes).
    Removing system_stm32f10x.o(.text.SystemCoreClockUpdate), (290 bytes).
    Removing system_stm32f10x.o(.ARM.exidx.text.SystemCoreClockUpdate), (8 bytes).
    Removing system_stm32f10x.o(.ARM.exidx.text.SetSysClockTo72), (8 bytes).
    Removing system_stm32f10x.o(.rodata.AHBPrescTable), (16 bytes).

85 unused section(s) (total 1255 bytes) removed from the image.

==============================================================================

Image Symbol Table

    Local Symbols

    Symbol Name                              Value     Ov Type        Size  Object(Section)

    ../clib/angel/boardlib.s                 0x00000000   Number         0  boardinit1.o ABSOLUTE
    ../clib/angel/boardlib.s                 0x00000000   Number         0  boardinit2.o ABSOLUTE
    ../clib/angel/boardlib.s                 0x00000000   Number         0  boardinit3.o ABSOLUTE
    ../clib/angel/boardlib.s                 0x00000000   Number         0  boardshut.o ABSOLUTE
    ../clib/angel/handlers.s                 0x00000000   Number         0  __scatter_copy.o ABSOLUTE
    ../clib/angel/handlers.s                 0x00000000   Number         0  __scatter_zi.o ABSOLUTE
    ../clib/angel/kernel.s                   0x00000000   Number         0  __rtentry.o ABSOLUTE
    ../clib/angel/kernel.s                   0x00000000   Number         0  __rtentry2.o ABSOLUTE
    ../clib/angel/kernel.s                   0x00000000   Number         0  __rtentry4.o ABSOLUTE
    ../clib/angel/kernel.s                   0x00000000   Number         0  rtexit.o ABSOLUTE
    ../clib/angel/kernel.s                   0x00000000   Number         0  rtexit2.o ABSOLUTE
    ../clib/angel/rt.s                       0x00000000   Number         0  rt_raise.o ABSOLUTE
    ../clib/angel/scatter.s                  0x00000000   Number         0  __scatter.o ABSOLUTE
    ../clib/angel/startup.s                  0x00000000   Number         0  __main.o ABSOLUTE
    ../clib/angel/sys.s                      0x00000000   Number         0  sys_stackheap_outer.o ABSOLUTE
    ../clib/angel/sys.s                      0x00000000   Number         0  libspace.o ABSOLUTE
    ../clib/angel/sys.s                      0x00000000   Number         0  use_no_semi.o ABSOLUTE
    ../clib/angel/sys.s                      0x00000000   Number         0  indicate_semi.o ABSOLUTE
    ../clib/angel/sysapp.c                   0x00000000   Number         0  sys_exit.o ABSOLUTE
    ../clib/angel/sysapp.c                   0x00000000   Number         0  sys_exit_hlt.o ABSOLUTE
    ../clib/angel/sysapp.c                   0x00000000   Number         0  sys_command.o ABSOLUTE
    ../clib/angel/sysapp.c                   0x00000000   Number         0  sys_command_hlt.o ABSOLUTE
    ../clib/angel/sysapp.c                   0x00000000   Number         0  sys_wrch.o ABSOLUTE
    ../clib/angel/sysapp.c                   0x00000000   Number         0  sys_wrch_hlt.o ABSOLUTE
    ../clib/armsys.c                         0x00000000   Number         0  argv_veneer.o ABSOLUTE
    ../clib/armsys.c                         0x00000000   Number         0  argv_veneer.o ABSOLUTE
    ../clib/armsys.c                         0x00000000   Number         0  _get_argv_nomalloc.o ABSOLUTE
    ../clib/armsys.c                         0x00000000   Number         0  no_argv.o ABSOLUTE
    ../clib/heapalloc.c                      0x00000000   Number         0  hrguard.o ABSOLUTE
    ../clib/heapaux.c                        0x00000000   Number         0  heapauxi.o ABSOLUTE
    ../clib/libinit.s                        0x00000000   Number         0  libinit.o ABSOLUTE
    ../clib/libinit.s                        0x00000000   Number         0  libinit2.o ABSOLUTE
    ../clib/libinit.s                        0x00000000   Number         0  libshutdown.o ABSOLUTE
    ../clib/libinit.s                        0x00000000   Number         0  libshutdown2.o ABSOLUTE
    ../clib/signal.c                         0x00000000   Number         0  defsig_rtmem_outer.o ABSOLUTE
    ../clib/signal.c                         0x00000000   Number         0  defsig_rtmem_formal.o ABSOLUTE
    ../clib/signal.c                         0x00000000   Number         0  defsig_exit.o ABSOLUTE
    ../clib/signal.c                         0x00000000   Number         0  defsig_rtmem_inner.o ABSOLUTE
    ../clib/signal.c                         0x00000000   Number         0  __raise.o ABSOLUTE
    ../clib/signal.c                         0x00000000   Number         0  defsig_general.o ABSOLUTE
    ../clib/signal.c                         0x00000000   Number         0  defsig_abrt_inner.o ABSOLUTE
    ../clib/signal.c                         0x00000000   Number         0  defsig_fpe_inner.o ABSOLUTE
    ../clib/signal.c                         0x00000000   Number         0  defsig_rtred_inner.o ABSOLUTE
    ../clib/signal.c                         0x00000000   Number         0  defsig_stak_inner.o ABSOLUTE
    ../clib/signal.c                         0x00000000   Number         0  defsig_pvfn_inner.o ABSOLUTE
    ../clib/signal.c                         0x00000000   Number         0  defsig_cppl_inner.o ABSOLUTE
    ../clib/signal.c                         0x00000000   Number         0  defsig_segv_inner.o ABSOLUTE
    ../clib/signal.c                         0x00000000   Number         0  defsig_other.o ABSOLUTE
    ../clib/signal.s                         0x00000000   Number         0  defsig.o ABSOLUTE
    ../clib/stdlib.c                         0x00000000   Number         0  exit.o ABSOLUTE
    ../fplib/fpinit.s                        0x00000000   Number         0  fpinit.o ABSOLUTE
    ../fplib/fpinit_empty.s                  0x00000000   Number         0  fpinit_empty.o ABSOLUTE
    RTE/Device/STM32F103C8/startup_stm32f10x_md.s 0x00000000   Number         0  startup_stm32f10x_md.o ABSOLUTE
    button.c                                 0x00000000   Number         0  button.o ABSOLUTE
    dc.s                                     0x00000000   Number         0  dc.o ABSOLUTE
    init_rcc.c                               0x00000000   Number         0  init_rcc.o ABSOLUTE
    main.c                                   0x00000000   Number         0  main.o ABSOLUTE
    my_delay.c                               0x00000000   Number         0  my_delay.o ABSOLUTE
    my_gpio.c                                0x00000000   Number         0  my_gpio.o ABSOLUTE
    my_math.c                                0x00000000   Number         0  my_math.o ABSOLUTE
    system_stm32f10x.c                       0x00000000   Number         0  system_stm32f10x.o ABSOLUTE
    terminal.c                               0x00000000   Number         0  terminal.o ABSOLUTE
    usart_better.c                           0x00000000   Number         0  usart_better.o ABSOLUTE
    RESET                                    0x08000000   Section      236  startup_stm32f10x_md.o(RESET)
    !!!main                                  0x080000ec   Section        8  __main.o(!!!main)
    !!!scatter                               0x080000f4   Section       52  __scatter.o(!!!scatter)
    !!handler_copy                           0x08000128   Section       26  __scatter_copy.o(!!handler_copy)
    !!handler_zi                             0x08000144   Section       28  __scatter_zi.o(!!handler_zi)
    .ARM.Collect$$libinit$$00000000          0x08000160   Section        2  libinit.o(.ARM.Collect$$libinit$$00000000)
    .ARM.Collect$$libinit$$00000002          0x08000162   Section        0  libinit2.o(.ARM.Collect$$libinit$$00000002)
    .ARM.Collect$$libinit$$00000004          0x08000162   Section        0  libinit2.o(.ARM.Collect$$libinit$$00000004)
    .ARM.Collect$$libinit$$0000000A          0x08000162   Section        0  libinit2.o(.ARM.Collect$$libinit$$0000000A)
    .ARM.Collect$$libinit$$0000000C          0x08000162   Section        0  libinit2.o(.ARM.Collect$$libinit$$0000000C)
    .ARM.Collect$$libinit$$0000000E          0x08000162   Section        0  libinit2.o(.ARM.Collect$$libinit$$0000000E)
    .ARM.Collect$$libinit$$00000011          0x08000162   Section        0  libinit2.o(.ARM.Collect$$libinit$$00000011)
    .ARM.Collect$$libinit$$00000013          0x08000162   Section        0  libinit2.o(.ARM.Collect$$libinit$$00000013)
    .ARM.Collect$$libinit$$00000015          0x08000162   Section        0  libinit2.o(.ARM.Collect$$libinit$$00000015)
    .ARM.Collect$$libinit$$00000017          0x08000162   Section        0  libinit2.o(.ARM.Collect$$libinit$$00000017)
    .ARM.Collect$$libinit$$00000019          0x08000162   Section        0  libinit2.o(.ARM.Collect$$libinit$$00000019)
    .ARM.Collect$$libinit$$0000001B          0x08000162   Section        0  libinit2.o(.ARM.Collect$$libinit$$0000001B)
    .ARM.Collect$$libinit$$0000001D          0x08000162   Section        0  libinit2.o(.ARM.Collect$$libinit$$0000001D)
    .ARM.Collect$$libinit$$0000001F          0x08000162   Section        0  libinit2.o(.ARM.Collect$$libinit$$0000001F)
    .ARM.Collect$$libinit$$00000021          0x08000162   Section        0  libinit2.o(.ARM.Collect$$libinit$$00000021)
    .ARM.Collect$$libinit$$00000023          0x08000162   Section        0  libinit2.o(.ARM.Collect$$libinit$$00000023)
    .ARM.Collect$$libinit$$00000025          0x08000162   Section        0  libinit2.o(.ARM.Collect$$libinit$$00000025)
    .ARM.Collect$$libinit$$0000002C          0x08000162   Section        0  libinit2.o(.ARM.Collect$$libinit$$0000002C)
    .ARM.Collect$$libinit$$0000002E          0x08000162   Section        0  libinit2.o(.ARM.Collect$$libinit$$0000002E)
    .ARM.Collect$$libinit$$00000030          0x08000162   Section        0  libinit2.o(.ARM.Collect$$libinit$$00000030)
    .ARM.Collect$$libinit$$00000032          0x08000162   Section        0  libinit2.o(.ARM.Collect$$libinit$$00000032)
    .ARM.Collect$$libinit$$00000033          0x08000162   Section        2  libinit2.o(.ARM.Collect$$libinit$$00000033)
    .ARM.Collect$$libshutdown$$00000000      0x08000164   Section        2  libshutdown.o(.ARM.Collect$$libshutdown$$00000000)
    .ARM.Collect$$libshutdown$$00000002      0x08000166   Section        0  libshutdown2.o(.ARM.Collect$$libshutdown$$00000002)
    .ARM.Collect$$libshutdown$$00000004      0x08000166   Section        0  libshutdown2.o(.ARM.Collect$$libshutdown$$00000004)
    .ARM.Collect$$libshutdown$$00000007      0x08000166   Section        0  libshutdown2.o(.ARM.Collect$$libshutdown$$00000007)
    .ARM.Collect$$libshutdown$$0000000A      0x08000166   Section        0  libshutdown2.o(.ARM.Collect$$libshutdown$$0000000A)
    .ARM.Collect$$libshutdown$$0000000C      0x08000166   Section        0  libshutdown2.o(.ARM.Collect$$libshutdown$$0000000C)
    .ARM.Collect$$libshutdown$$0000000F      0x08000166   Section        0  libshutdown2.o(.ARM.Collect$$libshutdown$$0000000F)
    .ARM.Collect$$libshutdown$$00000010      0x08000166   Section        2  libshutdown2.o(.ARM.Collect$$libshutdown$$00000010)
    .ARM.Collect$$rtentry$$00000000          0x08000168   Section        0  __rtentry.o(.ARM.Collect$$rtentry$$00000000)
    .ARM.Collect$$rtentry$$00000002          0x08000168   Section        0  __rtentry2.o(.ARM.Collect$$rtentry$$00000002)
    .ARM.Collect$$rtentry$$00000004          0x08000168   Section        6  __rtentry4.o(.ARM.Collect$$rtentry$$00000004)
    .ARM.Collect$$rtentry$$00000009          0x0800016e   Section        0  __rtentry2.o(.ARM.Collect$$rtentry$$00000009)
    .ARM.Collect$$rtentry$$0000000A          0x0800016e   Section        4  __rtentry2.o(.ARM.Collect$$rtentry$$0000000A)
    .ARM.Collect$$rtentry$$0000000C          0x08000172   Section        0  __rtentry2.o(.ARM.Collect$$rtentry$$0000000C)
    .ARM.Collect$$rtentry$$0000000D          0x08000172   Section        8  __rtentry2.o(.ARM.Collect$$rtentry$$0000000D)
    .ARM.Collect$$rtexit$$00000000           0x0800017a   Section        2  rtexit.o(.ARM.Collect$$rtexit$$00000000)
    .ARM.Collect$$rtexit$$00000002           0x0800017c   Section        0  rtexit2.o(.ARM.Collect$$rtexit$$00000002)
    .ARM.Collect$$rtexit$$00000003           0x0800017c   Section        4  rtexit2.o(.ARM.Collect$$rtexit$$00000003)
    .ARM.Collect$$rtexit$$00000004           0x08000180   Section        6  rtexit2.o(.ARM.Collect$$rtexit$$00000004)
    .text                                    0x08000188   Section       64  startup_stm32f10x_md.o(.text)
    .text                                    0x080001c8   Section        0  heapauxi.o(.text)
    .text                                    0x080001ce   Section       74  sys_stackheap_outer.o(.text)
    .text                                    0x08000218   Section        0  exit.o(.text)
    .text                                    0x0800022c   Section        8  libspace.o(.text)
    .text                                    0x08000234   Section        0  sys_exit.o(.text)
    .text                                    0x08000240   Section        2  use_no_semi.o(.text)
    .text                                    0x08000242   Section        0  indicate_semi.o(.text)
    [Anonymous Symbol]                       0x08000244   Section        0  usart_better.o(.text.BRR)
    SetSysClock                              0x08000289   Thumb Code     8  system_stm32f10x.o(.text.SetSysClock)
    [Anonymous Symbol]                       0x08000288   Section        0  system_stm32f10x.o(.text.SetSysClock)
    SetSysClockTo72                          0x08000291   Thumb Code   290  system_stm32f10x.o(.text.SetSysClockTo72)
    [Anonymous Symbol]                       0x08000290   Section        0  system_stm32f10x.o(.text.SetSysClockTo72)
    SysTick_Config                           0x080003b5   Thumb Code    82  my_delay.o(.text.SysTick_Config)
    [Anonymous Symbol]                       0x080003b4   Section        0  my_delay.o(.text.SysTick_Config)
    [Anonymous Symbol]                       0x08000408   Section        0  my_delay.o(.text.SysTick_Handler)
    [Anonymous Symbol]                       0x08000438   Section        0  system_stm32f10x.o(.text.SystemInit)
    [Anonymous Symbol]                       0x080004a0   Section        0  usart_better.o(.text.USART1_IRQHandler)
    __NVIC_EnableIRQ                         0x080004dd   Thumb Code    48  usart_better.o(.text.__NVIC_EnableIRQ)
    [Anonymous Symbol]                       0x080004dc   Section        0  usart_better.o(.text.__NVIC_EnableIRQ)
    __NVIC_SetPriority                       0x0800050d   Thumb Code    66  my_delay.o(.text.__NVIC_SetPriority)
    [Anonymous Symbol]                       0x0800050c   Section        0  my_delay.o(.text.__NVIC_SetPriority)
    [Anonymous Symbol]                       0x08000550   Section        0  button.o(.text.check_button1)
    [Anonymous Symbol]                       0x080005c0   Section        0  button.o(.text.check_button2)
    [Anonymous Symbol]                       0x08000630   Section        0  terminal.o(.text.check_timeout)
    [Anonymous Symbol]                       0x0800065c   Section        0  terminal.o(.text.create_buff)
    [Anonymous Symbol]                       0x08000698   Section        0  usart_better.o(.text.get_TBUFF_bussy)
    [Anonymous Symbol]                       0x080006a4   Section        0  usart_better.o(.text.get_TXE)
    [Anonymous Symbol]                       0x080006b0   Section        0  usart_better.o(.text.get_count)
    [Anonymous Symbol]                       0x080006ec   Section        0  usart_better.o(.text.get_element)
    [Anonymous Symbol]                       0x08000714   Section        0  usart_better.o(.text.get_element2)
    [Anonymous Symbol]                       0x0800073c   Section        0  my_delay.o(.text.get_ms)
    [Anonymous Symbol]                       0x08000748   Section        0  my_delay.o(.text.get_start_ms)
    [Anonymous Symbol]                       0x08000754   Section        0  my_delay.o(.text.get_timeout_flag)
    [Anonymous Symbol]                       0x08000760   Section        0  my_gpio.o(.text.gpio_conf_set)
    [Anonymous Symbol]                       0x080007c8   Section        0  my_gpio.o(.text.gpio_get_state)
    [Anonymous Symbol]                       0x0800084c   Section        0  my_gpio.o(.text.gpio_port_clock)
    [Anonymous Symbol]                       0x080008cc   Section        0  usart_better.o(.text.has_unread)
    [Anonymous Symbol]                       0x080008fc   Section        0  button.o(.text.init_button)
    [Anonymous Symbol]                       0x0800092c   Section        0  my_gpio.o(.text.init_gpio)
    [Anonymous Symbol]                       0x0800095c   Section        0  my_delay.o(.text.init_my_delay)
    [Anonymous Symbol]                       0x08000984   Section        0  usart_better.o(.text.init_ring_buff)
    [Anonymous Symbol]                       0x080009bc   Section        0  terminal.o(.text.init_terminal)
    [Anonymous Symbol]                       0x08000a74   Section        0  usart_better.o(.text.init_usart)
    [Anonymous Symbol]                       0x08000adc   Section        0  main.o(.text.main)
    [Anonymous Symbol]                       0x08000b48   Section        0  terminal.o(.text.prepare_send)
    [Anonymous Symbol]                       0x08000bbc   Section        0  terminal.o(.text.print)
    [Anonymous Symbol]                       0x08000bec   Section        0  usart_better.o(.text.read_element)
    [Anonymous Symbol]                       0x08000c08   Section        0  terminal.o(.text.ready_send)
    [Anonymous Symbol]                       0x08000c14   Section        0  usart_better.o(.text.recieve)
    [Anonymous Symbol]                       0x08000c34   Section        0  usart_better.o(.text.reset_TXE)
    [Anonymous Symbol]                       0x08000c54   Section        0  my_delay.o(.text.reset_start_ms)
    [Anonymous Symbol]                       0x08000c68   Section        0  usart_better.o(.text.send)
    [Anonymous Symbol]                       0x08000cb0   Section        0  terminal.o(.text.send_str)
    [Anonymous Symbol]                       0x08000d20   Section        0  usart_better.o(.text.set_RBUFF)
    [Anonymous Symbol]                       0x08000d34   Section        0  usart_better.o(.text.set_TBUFF)
    [Anonymous Symbol]                       0x08000d48   Section        0  usart_better.o(.text.set_TBUFF_bussy)
    [Anonymous Symbol]                       0x08000d60   Section        0  usart_better.o(.text.set_TXE)
    [Anonymous Symbol]                       0x08000d80   Section        0  usart_better.o(.text.set_element)
    [Anonymous Symbol]                       0x08000dac   Section        0  my_delay.o(.text.start_timeout)
    [Anonymous Symbol]                       0x08000dc0   Section        0  my_delay.o(.text.stop_timeout)
    [Anonymous Symbol]                       0x08000dd0   Section        0  my_delay.o(.text.timeout)
    .bss                                     0x20000018   Section       96  libspace.o(.bss)
    check_button1.button_count               0x200000cc   Data           4  button.o(.bss.check_button1.button_count)
    [Anonymous Symbol]                       0x200000cc   Section        0  button.o(.bss.check_button1.button_count)
    check_button2.button_count               0x200000d0   Data           4  button.o(.bss.check_button2.button_count)
    [Anonymous Symbol]                       0x200000d0   Section        0  button.o(.bss.check_button2.button_count)
    start_ms                                 0x200000d8   Data           2  my_delay.o(.bss.start_ms)
    [Anonymous Symbol]                       0x200000d8   Section        0  my_delay.o(.bss.start_ms)
    Heap_Mem                                 0x200000e0   Data         512  startup_stm32f10x_md.o(HEAP)
    HEAP                                     0x200000e0   Section      512  startup_stm32f10x_md.o(HEAP)
    Stack_Mem                                0x200002e0   Data        1024  startup_stm32f10x_md.o(STACK)
    STACK                                    0x200002e0   Section     1024  startup_stm32f10x_md.o(STACK)
    __initial_sp                             0x200006e0   Data           0  startup_stm32f10x_md.o(STACK)

    Global Symbols

    Symbol Name                              Value     Ov Type        Size  Object(Section)

    BuildAttributes$$THM_ISAv4$P$D$K$B$S$PE$A:L22UL41UL21$X:L11$S22US41US21$IEEE1$IW$~IW$USESV6$~STKCKD$USESV7$~SHL$OSPACE$ROPI$EBA8$UX$STANDARDLIB$REQ8$PRES8$EABIv2 0x00000000   Number         0  anon$$obj.o ABSOLUTE
    __fp_init_empty                          0x00000000   Number         0  fpinit_empty.o ABSOLUTE
    __ARM_exceptions_init                     - Undefined Weak Reference
    __alloca_initialize                       - Undefined Weak Reference
    __arm_preinit_                            - Undefined Weak Reference
    __cpp_initialize__aeabi_                  - Undefined Weak Reference
    __cxa_finalize                            - Undefined Weak Reference
    __rt_locale                               - Undefined Weak Reference
    __sigvec_lookup                           - Undefined Weak Reference
    _atexit_init                              - Undefined Weak Reference
    _call_atexit_fns                          - Undefined Weak Reference
    _clock_init                               - Undefined Weak Reference
    _fp_trap_init                             - Undefined Weak Reference
    _fp_trap_shutdown                         - Undefined Weak Reference
    _get_lc_collate                           - Undefined Weak Reference
    _get_lc_ctype                             - Undefined Weak Reference
    _get_lc_monetary                          - Undefined Weak Reference
    _get_lc_numeric                           - Undefined Weak Reference
    _get_lc_time                              - Undefined Weak Reference
    _getenv_init                              - Undefined Weak Reference
    _handle_redirection                       - Undefined Weak Reference
    _init_alloc                               - Undefined Weak Reference
    _init_user_alloc                          - Undefined Weak Reference
    _initio                                   - Undefined Weak Reference
    _rand_init                                - Undefined Weak Reference
    _signal_finish                            - Undefined Weak Reference
    _signal_init                              - Undefined Weak Reference
    _terminate_alloc                          - Undefined Weak Reference
    _terminate_user_alloc                     - Undefined Weak Reference
    _terminateio                              - Undefined Weak Reference
    __Vectors_Size                           0x000000ec   Number         0  startup_stm32f10x_md.o ABSOLUTE
    __Vectors                                0x08000000   Data           4  startup_stm32f10x_md.o(RESET)
    __Vectors_End                            0x080000ec   Data           0  startup_stm32f10x_md.o(RESET)
    __main                                   0x080000ed   Thumb Code     8  __main.o(!!!main)
    __scatterload                            0x080000f5   Thumb Code     0  __scatter.o(!!!scatter)
    __scatterload_rt2                        0x080000f5   Thumb Code    44  __scatter.o(!!!scatter)
    __scatterload_rt2_thumb_only             0x080000f5   Thumb Code     0  __scatter.o(!!!scatter)
    __scatterload_null                       0x08000103   Thumb Code     0  __scatter.o(!!!scatter)
    __scatterload_copy                       0x08000129   Thumb Code    26  __scatter_copy.o(!!handler_copy)
    __scatterload_zeroinit                   0x08000145   Thumb Code    28  __scatter_zi.o(!!handler_zi)
    __rt_lib_init                            0x08000161   Thumb Code     0  libinit.o(.ARM.Collect$$libinit$$00000000)
    __rt_lib_init_alloca_1                   0x08000163   Thumb Code     0  libinit2.o(.ARM.Collect$$libinit$$0000002E)
    __rt_lib_init_argv_1                     0x08000163   Thumb Code     0  libinit2.o(.ARM.Collect$$libinit$$0000002C)
    __rt_lib_init_atexit_1                   0x08000163   Thumb Code     0  libinit2.o(.ARM.Collect$$libinit$$0000001B)
    __rt_lib_init_clock_1                    0x08000163   Thumb Code     0  libinit2.o(.ARM.Collect$$libinit$$00000021)
    __rt_lib_init_cpp_1                      0x08000163   Thumb Code     0  libinit2.o(.ARM.Collect$$libinit$$00000032)
    __rt_lib_init_exceptions_1               0x08000163   Thumb Code     0  libinit2.o(.ARM.Collect$$libinit$$00000030)
    __rt_lib_init_fp_1                       0x08000163   Thumb Code     0  libinit2.o(.ARM.Collect$$libinit$$00000002)
    __rt_lib_init_fp_trap_1                  0x08000163   Thumb Code     0  libinit2.o(.ARM.Collect$$libinit$$0000001F)
    __rt_lib_init_getenv_1                   0x08000163   Thumb Code     0  libinit2.o(.ARM.Collect$$libinit$$00000023)
    __rt_lib_init_heap_1                     0x08000163   Thumb Code     0  libinit2.o(.ARM.Collect$$libinit$$0000000A)
    __rt_lib_init_lc_collate_1               0x08000163   Thumb Code     0  libinit2.o(.ARM.Collect$$libinit$$00000011)
    __rt_lib_init_lc_ctype_1                 0x08000163   Thumb Code     0  libinit2.o(.ARM.Collect$$libinit$$00000013)
    __rt_lib_init_lc_monetary_1              0x08000163   Thumb Code     0  libinit2.o(.ARM.Collect$$libinit$$00000015)
    __rt_lib_init_lc_numeric_1               0x08000163   Thumb Code     0  libinit2.o(.ARM.Collect$$libinit$$00000017)
    __rt_lib_init_lc_time_1                  0x08000163   Thumb Code     0  libinit2.o(.ARM.Collect$$libinit$$00000019)
    __rt_lib_init_preinit_1                  0x08000163   Thumb Code     0  libinit2.o(.ARM.Collect$$libinit$$00000004)
    __rt_lib_init_rand_1                     0x08000163   Thumb Code     0  libinit2.o(.ARM.Collect$$libinit$$0000000E)
    __rt_lib_init_return                     0x08000163   Thumb Code     0  libinit2.o(.ARM.Collect$$libinit$$00000033)
    __rt_lib_init_signal_1                   0x08000163   Thumb Code     0  libinit2.o(.ARM.Collect$$libinit$$0000001D)
    __rt_lib_init_stdio_1                    0x08000163   Thumb Code     0  libinit2.o(.ARM.Collect$$libinit$$00000025)
    __rt_lib_init_user_alloc_1               0x08000163   Thumb Code     0  libinit2.o(.ARM.Collect$$libinit$$0000000C)
    __rt_lib_shutdown                        0x08000165   Thumb Code     0  libshutdown.o(.ARM.Collect$$libshutdown$$00000000)
    __rt_lib_shutdown_cpp_1                  0x08000167   Thumb Code     0  libshutdown2.o(.ARM.Collect$$libshutdown$$00000002)
    __rt_lib_shutdown_fp_trap_1              0x08000167   Thumb Code     0  libshutdown2.o(.ARM.Collect$$libshutdown$$00000007)
    __rt_lib_shutdown_heap_1                 0x08000167   Thumb Code     0  libshutdown2.o(.ARM.Collect$$libshutdown$$0000000F)
    __rt_lib_shutdown_return                 0x08000167   Thumb Code     0  libshutdown2.o(.ARM.Collect$$libshutdown$$00000010)
    __rt_lib_shutdown_signal_1               0x08000167   Thumb Code     0  libshutdown2.o(.ARM.Collect$$libshutdown$$0000000A)
    __rt_lib_shutdown_stdio_1                0x08000167   Thumb Code     0  libshutdown2.o(.ARM.Collect$$libshutdown$$00000004)
    __rt_lib_shutdown_user_alloc_1           0x08000167   Thumb Code     0  libshutdown2.o(.ARM.Collect$$libshutdown$$0000000C)
    __rt_entry                               0x08000169   Thumb Code     0  __rtentry.o(.ARM.Collect$$rtentry$$00000000)
    __rt_entry_presh_1                       0x08000169   Thumb Code     0  __rtentry2.o(.ARM.Collect$$rtentry$$00000002)
    __rt_entry_sh                            0x08000169   Thumb Code     0  __rtentry4.o(.ARM.Collect$$rtentry$$00000004)
    __rt_entry_li                            0x0800016f   Thumb Code     0  __rtentry2.o(.ARM.Collect$$rtentry$$0000000A)
    __rt_entry_postsh_1                      0x0800016f   Thumb Code     0  __rtentry2.o(.ARM.Collect$$rtentry$$00000009)
    __rt_entry_main                          0x08000173   Thumb Code     0  __rtentry2.o(.ARM.Collect$$rtentry$$0000000D)
    __rt_entry_postli_1                      0x08000173   Thumb Code     0  __rtentry2.o(.ARM.Collect$$rtentry$$0000000C)
    __rt_exit                                0x0800017b   Thumb Code     0  rtexit.o(.ARM.Collect$$rtexit$$00000000)
    __rt_exit_ls                             0x0800017d   Thumb Code     0  rtexit2.o(.ARM.Collect$$rtexit$$00000003)
    __rt_exit_prels_1                        0x0800017d   Thumb Code     0  rtexit2.o(.ARM.Collect$$rtexit$$00000002)
    __rt_exit_exit                           0x08000181   Thumb Code     0  rtexit2.o(.ARM.Collect$$rtexit$$00000004)
    Reset_Handler                            0x08000189   Thumb Code     8  startup_stm32f10x_md.o(.text)
    NMI_Handler                              0x08000191   Thumb Code     2  startup_stm32f10x_md.o(.text)
    HardFault_Handler                        0x08000193   Thumb Code     2  startup_stm32f10x_md.o(.text)
    MemManage_Handler                        0x08000195   Thumb Code     2  startup_stm32f10x_md.o(.text)
    BusFault_Handler                         0x08000197   Thumb Code     2  startup_stm32f10x_md.o(.text)
    UsageFault_Handler                       0x08000199   Thumb Code     2  startup_stm32f10x_md.o(.text)
    SVC_Handler                              0x0800019b   Thumb Code     2  startup_stm32f10x_md.o(.text)
    DebugMon_Handler                         0x0800019d   Thumb Code     2  startup_stm32f10x_md.o(.text)
    PendSV_Handler                           0x0800019f   Thumb Code     2  startup_stm32f10x_md.o(.text)
    ADC1_2_IRQHandler                        0x080001a3   Thumb Code     0  startup_stm32f10x_md.o(.text)
    CAN1_RX1_IRQHandler                      0x080001a3   Thumb Code     0  startup_stm32f10x_md.o(.text)
    CAN1_SCE_IRQHandler                      0x080001a3   Thumb Code     0  startup_stm32f10x_md.o(.text)
    DMA1_Channel1_IRQHandler                 0x080001a3   Thumb Code     0  startup_stm32f10x_md.o(.text)
    DMA1_Channel2_IRQHandler                 0x080001a3   Thumb Code     0  startup_stm32f10x_md.o(.text)
    DMA1_Channel3_IRQHandler                 0x080001a3   Thumb Code     0  startup_stm32f10x_md.o(.text)
    DMA1_Channel4_IRQHandler                 0x080001a3   Thumb Code     0  startup_stm32f10x_md.o(.text)
    DMA1_Channel5_IRQHandler                 0x080001a3   Thumb Code     0  startup_stm32f10x_md.o(.text)
    DMA1_Channel6_IRQHandler                 0x080001a3   Thumb Code     0  startup_stm32f10x_md.o(.text)
    DMA1_Channel7_IRQHandler                 0x080001a3   Thumb Code     0  startup_stm32f10x_md.o(.text)
    EXTI0_IRQHandler                         0x080001a3   Thumb Code     0  startup_stm32f10x_md.o(.text)
    EXTI15_10_IRQHandler                     0x080001a3   Thumb Code     0  startup_stm32f10x_md.o(.text)
    EXTI1_IRQHandler                         0x080001a3   Thumb Code     0  startup_stm32f10x_md.o(.text)
    EXTI2_IRQHandler                         0x080001a3   Thumb Code     0  startup_stm32f10x_md.o(.text)
    EXTI3_IRQHandler                         0x080001a3   Thumb Code     0  startup_stm32f10x_md.o(.text)
    EXTI4_IRQHandler                         0x080001a3   Thumb Code     0  startup_stm32f10x_md.o(.text)
    EXTI9_5_IRQHandler                       0x080001a3   Thumb Code     0  startup_stm32f10x_md.o(.text)
    FLASH_IRQHandler                         0x080001a3   Thumb Code     0  startup_stm32f10x_md.o(.text)
    I2C1_ER_IRQHandler                       0x080001a3   Thumb Code     0  startup_stm32f10x_md.o(.text)
    I2C1_EV_IRQHandler                       0x080001a3   Thumb Code     0  startup_stm32f10x_md.o(.text)
    I2C2_ER_IRQHandler                       0x080001a3   Thumb Code     0  startup_stm32f10x_md.o(.text)
    I2C2_EV_IRQHandler                       0x080001a3   Thumb Code     0  startup_stm32f10x_md.o(.text)
    PVD_IRQHandler                           0x080001a3   Thumb Code     0  startup_stm32f10x_md.o(.text)
    RCC_IRQHandler                           0x080001a3   Thumb Code     0  startup_stm32f10x_md.o(.text)
    RTCAlarm_IRQHandler                      0x080001a3   Thumb Code     0  startup_stm32f10x_md.o(.text)
    RTC_IRQHandler                           0x080001a3   Thumb Code     0  startup_stm32f10x_md.o(.text)
    SPI1_IRQHandler                          0x080001a3   Thumb Code     0  startup_stm32f10x_md.o(.text)
    SPI2_IRQHandler                          0x080001a3   Thumb Code     0  startup_stm32f10x_md.o(.text)
    TAMPER_IRQHandler                        0x080001a3   Thumb Code     0  startup_stm32f10x_md.o(.text)
    TIM1_BRK_IRQHandler                      0x080001a3   Thumb Code     0  startup_stm32f10x_md.o(.text)
    TIM1_CC_IRQHandler                       0x080001a3   Thumb Code     0  startup_stm32f10x_md.o(.text)
    TIM1_TRG_COM_IRQHandler                  0x080001a3   Thumb Code     0  startup_stm32f10x_md.o(.text)
    TIM1_UP_IRQHandler                       0x080001a3   Thumb Code     0  startup_stm32f10x_md.o(.text)
    TIM2_IRQHandler                          0x080001a3   Thumb Code     0  startup_stm32f10x_md.o(.text)
    TIM3_IRQHandler                          0x080001a3   Thumb Code     0  startup_stm32f10x_md.o(.text)
    TIM4_IRQHandler                          0x080001a3   Thumb Code     0  startup_stm32f10x_md.o(.text)
    USART2_IRQHandler                        0x080001a3   Thumb Code     0  startup_stm32f10x_md.o(.text)
    USART3_IRQHandler                        0x080001a3   Thumb Code     0  startup_stm32f10x_md.o(.text)
    USBWakeUp_IRQHandler                     0x080001a3   Thumb Code     0  startup_stm32f10x_md.o(.text)
    USB_HP_CAN1_TX_IRQHandler                0x080001a3   Thumb Code     0  startup_stm32f10x_md.o(.text)
    USB_LP_CAN1_RX0_IRQHandler               0x080001a3   Thumb Code     0  startup_stm32f10x_md.o(.text)
    WWDG_IRQHandler                          0x080001a3   Thumb Code     0  startup_stm32f10x_md.o(.text)
    __user_initial_stackheap                 0x080001a5   Thumb Code     0  startup_stm32f10x_md.o(.text)
    __use_two_region_memory                  0x080001c9   Thumb Code     2  heapauxi.o(.text)
    __rt_heap_escrow$2region                 0x080001cb   Thumb Code     2  heapauxi.o(.text)
    __rt_heap_expand$2region                 0x080001cd   Thumb Code     2  heapauxi.o(.text)
    __user_setup_stackheap                   0x080001cf   Thumb Code    74  sys_stackheap_outer.o(.text)
    exit                                     0x08000219   Thumb Code    18  exit.o(.text)
    __user_libspace                          0x0800022d   Thumb Code     8  libspace.o(.text)
    __user_perproc_libspace                  0x0800022d   Thumb Code     0  libspace.o(.text)
    __user_perthread_libspace                0x0800022d   Thumb Code     0  libspace.o(.text)
    _sys_exit                                0x08000235   Thumb Code     8  sys_exit.o(.text)
    __I$use$semihosting                      0x08000241   Thumb Code     0  use_no_semi.o(.text)
    __use_no_semihosting_swi                 0x08000241   Thumb Code     2  use_no_semi.o(.text)
    __semihosting_library_function           0x08000243   Thumb Code     0  indicate_semi.o(.text)
    BRR                                      0x08000245   Thumb Code    66  usart_better.o(.text.BRR)
    SysTick_Handler                          0x08000409   Thumb Code    46  my_delay.o(.text.SysTick_Handler)
    SystemInit                               0x08000439   Thumb Code   102  system_stm32f10x.o(.text.SystemInit)
    USART1_IRQHandler                        0x080004a1   Thumb Code    60  usart_better.o(.text.USART1_IRQHandler)
    check_button1                            0x08000551   Thumb Code   112  button.o(.text.check_button1)
    check_button2                            0x080005c1   Thumb Code   112  button.o(.text.check_button2)
    check_timeout                            0x08000631   Thumb Code    42  terminal.o(.text.check_timeout)
    create_buff                              0x0800065d   Thumb Code    58  terminal.o(.text.create_buff)
    get_TBUFF_bussy                          0x08000699   Thumb Code    12  usart_better.o(.text.get_TBUFF_bussy)
    get_TXE                                  0x080006a5   Thumb Code    12  usart_better.o(.text.get_TXE)
    get_count                                0x080006b1   Thumb Code    60  usart_better.o(.text.get_count)
    get_element                              0x080006ed   Thumb Code    40  usart_better.o(.text.get_element)
    get_element2                             0x08000715   Thumb Code    38  usart_better.o(.text.get_element2)
    get_ms                                   0x0800073d   Thumb Code    12  my_delay.o(.text.get_ms)
    get_start_ms                             0x08000749   Thumb Code    12  my_delay.o(.text.get_start_ms)
    get_timeout_flag                         0x08000755   Thumb Code    12  my_delay.o(.text.get_timeout_flag)
    gpio_conf_set                            0x08000761   Thumb Code   104  my_gpio.o(.text.gpio_conf_set)
    gpio_get_state                           0x080007c9   Thumb Code   130  my_gpio.o(.text.gpio_get_state)
    gpio_port_clock                          0x0800084d   Thumb Code   126  my_gpio.o(.text.gpio_port_clock)
    has_unread                               0x080008cd   Thumb Code    48  usart_better.o(.text.has_unread)
    init_button                              0x080008fd   Thumb Code    46  button.o(.text.init_button)
    init_gpio                                0x0800092d   Thumb Code    46  my_gpio.o(.text.init_gpio)
    init_my_delay                            0x0800095d   Thumb Code    38  my_delay.o(.text.init_my_delay)
    init_ring_buff                           0x08000985   Thumb Code    54  usart_better.o(.text.init_ring_buff)
    init_terminal                            0x080009bd   Thumb Code   182  terminal.o(.text.init_terminal)
    init_usart                               0x08000a75   Thumb Code   104  usart_better.o(.text.init_usart)
    main                                     0x08000add   Thumb Code   106  main.o(.text.main)
    prepare_send                             0x08000b49   Thumb Code   116  terminal.o(.text.prepare_send)
    print                                    0x08000bbd   Thumb Code    46  terminal.o(.text.print)
    read_element                             0x08000bed   Thumb Code    26  usart_better.o(.text.read_element)
    ready_send                               0x08000c09   Thumb Code    12  terminal.o(.text.ready_send)
    recieve                                  0x08000c15   Thumb Code    30  usart_better.o(.text.recieve)
    reset_TXE                                0x08000c35   Thumb Code    30  usart_better.o(.text.reset_TXE)
    reset_start_ms                           0x08000c55   Thumb Code    18  my_delay.o(.text.reset_start_ms)
    send                                     0x08000c69   Thumb Code    72  usart_better.o(.text.send)
    send_str                                 0x08000cb1   Thumb Code   112  terminal.o(.text.send_str)
    set_RBUFF                                0x08000d21   Thumb Code    20  usart_better.o(.text.set_RBUFF)
    set_TBUFF                                0x08000d35   Thumb Code    20  usart_better.o(.text.set_TBUFF)
    set_TBUFF_bussy                          0x08000d49   Thumb Code    24  usart_better.o(.text.set_TBUFF_bussy)
    set_TXE                                  0x08000d61   Thumb Code    30  usart_better.o(.text.set_TXE)
    set_element                              0x08000d81   Thumb Code    44  usart_better.o(.text.set_element)
    start_timeout                            0x08000dad   Thumb Code    20  my_delay.o(.text.start_timeout)
    stop_timeout                             0x08000dc1   Thumb Code    14  my_delay.o(.text.stop_timeout)
    timeout                                  0x08000dd1   Thumb Code    62  my_delay.o(.text.timeout)
    Region$$Table$$Base                      0x08000e10   Number         0  anon$$obj.o(Region$$Table)
    Region$$Table$$Limit                     0x08000e30   Number         0  anon$$obj.o(Region$$Table)
    SystemCoreClock                          0x20000000   Data           4  system_stm32f10x.o(.data.SystemCoreClock)
    static_buff                              0x20000004   Data          15  terminal.o(.data.static_buff)
    __libspace_start                         0x20000018   Data          96  libspace.o(.bss)
    RBUFF                                    0x20000078   Data           4  usart_better.o(.bss.RBUFF)
    __temporary_stack_top$libspace           0x20000078   Data           0  libspace.o(.bss)
    RBUFF_terminal                           0x2000007c   Data          12  terminal.o(.bss.RBUFF_terminal)
    STATIC_WORD                              0x20000088   Data          12  terminal.o(.bss.STATIC_WORD)
    TBUFF                                    0x20000094   Data           4  usart_better.o(.bss.TBUFF)
    TBUFF_bussy                              0x20000098   Data           1  usart_better.o(.bss.TBUFF_bussy)
    TBUFF_terminal                           0x2000009c   Data          12  terminal.o(.bss.TBUFF_terminal)
    buff_r                                   0x200000a8   Data          16  terminal.o(.bss.buff_r)
    buff_t                                   0x200000b8   Data          16  terminal.o(.bss.buff_t)
    button_state1                            0x200000c8   Data           1  button.o(.bss.button_state1)
    button_state2                            0x200000c9   Data           1  button.o(.bss.button_state2)
    flag_TXE                                 0x200000d4   Data           1  usart_better.o(.bss.flag_TXE)
    is_print_ready                           0x200000d5   Data           1  terminal.o(.bss.is_print_ready)
    ms                                       0x200000d6   Data           2  my_delay.o(.bss.ms)
    timeout_flag                             0x200000da   Data           1  my_delay.o(.bss.timeout_flag)



==============================================================================

Memory Map of the image

  Image Entry point : 0x080000ed

  Load Region LR_IROM1 (Base: 0x08000000, Size: 0x00000e48, Max: 0x00010000, ABSOLUTE)

    Execution Region ER_IROM1 (Exec base: 0x08000000, Load base: 0x08000000, Size: 0x00000e30, Max: 0x00010000, ABSOLUTE)

    Exec Addr    Load Addr    Size         Type   Attr      Idx    E Section Name        Object

    0x08000000   0x08000000   0x000000ec   Data   RO          191    RESET               startup_stm32f10x_md.o
    0x080000ec   0x080000ec   0x00000008   Code   RO          219  * !!!main             c_w.l(__main.o)
    0x080000f4   0x080000f4   0x00000034   Code   RO          382    !!!scatter          c_w.l(__scatter.o)
    0x08000128   0x08000128   0x0000001a   Code   RO          384    !!handler_copy      c_w.l(__scatter_copy.o)
    0x08000142   0x08000142   0x00000002   PAD
    0x08000144   0x08000144   0x0000001c   Code   RO          386    !!handler_zi        c_w.l(__scatter_zi.o)
    0x08000160   0x08000160   0x00000002   Code   RO          246    .ARM.Collect$$libinit$$00000000  c_w.l(libinit.o)
    0x08000162   0x08000162   0x00000000   Code   RO          253    .ARM.Collect$$libinit$$00000002  c_w.l(libinit2.o)
    0x08000162   0x08000162   0x00000000   Code   RO          255    .ARM.Collect$$libinit$$00000004  c_w.l(libinit2.o)
    0x08000162   0x08000162   0x00000000   Code   RO          258    .ARM.Collect$$libinit$$0000000A  c_w.l(libinit2.o)
    0x08000162   0x08000162   0x00000000   Code   RO          260    .ARM.Collect$$libinit$$0000000C  c_w.l(libinit2.o)
    0x08000162   0x08000162   0x00000000   Code   RO          262    .ARM.Collect$$libinit$$0000000E  c_w.l(libinit2.o)
    0x08000162   0x08000162   0x00000000   Code   RO          265    .ARM.Collect$$libinit$$00000011  c_w.l(libinit2.o)
    0x08000162   0x08000162   0x00000000   Code   RO          267    .ARM.Collect$$libinit$$00000013  c_w.l(libinit2.o)
    0x08000162   0x08000162   0x00000000   Code   RO          269    .ARM.Collect$$libinit$$00000015  c_w.l(libinit2.o)
    0x08000162   0x08000162   0x00000000   Code   RO          271    .ARM.Collect$$libinit$$00000017  c_w.l(libinit2.o)
    0x08000162   0x08000162   0x00000000   Code   RO          273    .ARM.Collect$$libinit$$00000019  c_w.l(libinit2.o)
    0x08000162   0x08000162   0x00000000   Code   RO          275    .ARM.Collect$$libinit$$0000001B  c_w.l(libinit2.o)
    0x08000162   0x08000162   0x00000000   Code   RO          277    .ARM.Collect$$libinit$$0000001D  c_w.l(libinit2.o)
    0x08000162   0x08000162   0x00000000   Code   RO          279    .ARM.Collect$$libinit$$0000001F  c_w.l(libinit2.o)
    0x08000162   0x08000162   0x00000000   Code   RO          281    .ARM.Collect$$libinit$$00000021  c_w.l(libinit2.o)
    0x08000162   0x08000162   0x00000000   Code   RO          283    .ARM.Collect$$libinit$$00000023  c_w.l(libinit2.o)
    0x08000162   0x08000162   0x00000000   Code   RO          285    .ARM.Collect$$libinit$$00000025  c_w.l(libinit2.o)
    0x08000162   0x08000162   0x00000000   Code   RO          289    .ARM.Collect$$libinit$$0000002C  c_w.l(libinit2.o)
    0x08000162   0x08000162   0x00000000   Code   RO          291    .ARM.Collect$$libinit$$0000002E  c_w.l(libinit2.o)
    0x08000162   0x08000162   0x00000000   Code   RO          293    .ARM.Collect$$libinit$$00000030  c_w.l(libinit2.o)
    0x08000162   0x08000162   0x00000000   Code   RO          295    .ARM.Collect$$libinit$$00000032  c_w.l(libinit2.o)
    0x08000162   0x08000162   0x00000002   Code   RO          296    .ARM.Collect$$libinit$$00000033  c_w.l(libinit2.o)
    0x08000164   0x08000164   0x00000002   Code   RO          318    .ARM.Collect$$libshutdown$$00000000  c_w.l(libshutdown.o)
    0x08000166   0x08000166   0x00000000   Code   RO          333    .ARM.Collect$$libshutdown$$00000002  c_w.l(libshutdown2.o)
    0x08000166   0x08000166   0x00000000   Code   RO          335    .ARM.Collect$$libshutdown$$00000004  c_w.l(libshutdown2.o)
    0x08000166   0x08000166   0x00000000   Code   RO          338    .ARM.Collect$$libshutdown$$00000007  c_w.l(libshutdown2.o)
    0x08000166   0x08000166   0x00000000   Code   RO          341    .ARM.Collect$$libshutdown$$0000000A  c_w.l(libshutdown2.o)
    0x08000166   0x08000166   0x00000000   Code   RO          343    .ARM.Collect$$libshutdown$$0000000C  c_w.l(libshutdown2.o)
    0x08000166   0x08000166   0x00000000   Code   RO          346    .ARM.Collect$$libshutdown$$0000000F  c_w.l(libshutdown2.o)
    0x08000166   0x08000166   0x00000002   Code   RO          347    .ARM.Collect$$libshutdown$$00000010  c_w.l(libshutdown2.o)
    0x08000168   0x08000168   0x00000000   Code   RO          221    .ARM.Collect$$rtentry$$00000000  c_w.l(__rtentry.o)
    0x08000168   0x08000168   0x00000000   Code   RO          223    .ARM.Collect$$rtentry$$00000002  c_w.l(__rtentry2.o)
    0x08000168   0x08000168   0x00000006   Code   RO          235    .ARM.Collect$$rtentry$$00000004  c_w.l(__rtentry4.o)
    0x0800016e   0x0800016e   0x00000000   Code   RO          225    .ARM.Collect$$rtentry$$00000009  c_w.l(__rtentry2.o)
    0x0800016e   0x0800016e   0x00000004   Code   RO          226    .ARM.Collect$$rtentry$$0000000A  c_w.l(__rtentry2.o)
    0x08000172   0x08000172   0x00000000   Code   RO          228    .ARM.Collect$$rtentry$$0000000C  c_w.l(__rtentry2.o)
    0x08000172   0x08000172   0x00000008   Code   RO          229    .ARM.Collect$$rtentry$$0000000D  c_w.l(__rtentry2.o)
    0x0800017a   0x0800017a   0x00000002   Code   RO          250    .ARM.Collect$$rtexit$$00000000  c_w.l(rtexit.o)
    0x0800017c   0x0800017c   0x00000000   Code   RO          298    .ARM.Collect$$rtexit$$00000002  c_w.l(rtexit2.o)
    0x0800017c   0x0800017c   0x00000004   Code   RO          299    .ARM.Collect$$rtexit$$00000003  c_w.l(rtexit2.o)
    0x08000180   0x08000180   0x00000006   Code   RO          300    .ARM.Collect$$rtexit$$00000004  c_w.l(rtexit2.o)
    0x08000186   0x08000186   0x00000002   PAD
    0x08000188   0x08000188   0x00000040   Code   RO          192    .text               startup_stm32f10x_md.o
    0x080001c8   0x080001c8   0x00000006   Code   RO          217    .text               c_w.l(heapauxi.o)
    0x080001ce   0x080001ce   0x0000004a   Code   RO          237    .text               c_w.l(sys_stackheap_outer.o)
    0x08000218   0x08000218   0x00000012   Code   RO          239    .text               c_w.l(exit.o)
    0x0800022a   0x0800022a   0x00000002   PAD
    0x0800022c   0x0800022c   0x00000008   Code   RO          247    .text               c_w.l(libspace.o)
    0x08000234   0x08000234   0x0000000c   Code   RO          308    .text               c_w.l(sys_exit.o)
    0x08000240   0x08000240   0x00000002   Code   RO          323    .text               c_w.l(use_no_semi.o)
    0x08000242   0x08000242   0x00000000   Code   RO          325    .text               c_w.l(indicate_semi.o)
    0x08000242   0x08000242   0x00000002   PAD
    0x08000244   0x08000244   0x00000042   Code   RO          140    .text.BRR           usart_better.o
    0x08000286   0x08000286   0x00000002   PAD
    0x08000288   0x08000288   0x00000008   Code   RO          201    .text.SetSysClock   system_stm32f10x.o
    0x08000290   0x08000290   0x00000122   Code   RO          205    .text.SetSysClockTo72  system_stm32f10x.o
    0x080003b2   0x080003b2   0x00000002   PAD
    0x080003b4   0x080003b4   0x00000052   Code   RO           42    .text.SysTick_Config  my_delay.o
    0x08000406   0x08000406   0x00000002   PAD
    0x08000408   0x08000408   0x0000002e   Code   RO           60    .text.SysTick_Handler  my_delay.o
    0x08000436   0x08000436   0x00000002   PAD
    0x08000438   0x08000438   0x00000066   Code   RO          199    .text.SystemInit    system_stm32f10x.o
    0x0800049e   0x0800049e   0x00000002   PAD
    0x080004a0   0x080004a0   0x0000003c   Code   RO          138    .text.USART1_IRQHandler  usart_better.o
    0x080004dc   0x080004dc   0x00000030   Code   RO          144    .text.__NVIC_EnableIRQ  usart_better.o
    0x0800050c   0x0800050c   0x00000042   Code   RO           62    .text.__NVIC_SetPriority  my_delay.o
    0x0800054e   0x0800054e   0x00000002   PAD
    0x08000550   0x08000550   0x00000070   Code   RO           75    .text.check_button1  button.o
    0x080005c0   0x080005c0   0x00000070   Code   RO           77    .text.check_button2  button.o
    0x08000630   0x08000630   0x0000002a   Code   RO          170    .text.check_timeout  terminal.o
    0x0800065a   0x0800065a   0x00000002   PAD
    0x0800065c   0x0800065c   0x0000003a   Code   RO          166    .text.create_buff   terminal.o
    0x08000696   0x08000696   0x00000002   PAD
    0x08000698   0x08000698   0x0000000c   Code   RO          100    .text.get_TBUFF_bussy  usart_better.o
    0x080006a4   0x080006a4   0x0000000c   Code   RO          132    .text.get_TXE       usart_better.o
    0x080006b0   0x080006b0   0x0000003c   Code   RO          128    .text.get_count     usart_better.o
    0x080006ec   0x080006ec   0x00000028   Code   RO          136    .text.get_element   usart_better.o
    0x08000714   0x08000714   0x00000026   Code   RO          126    .text.get_element2  usart_better.o
    0x0800073a   0x0800073a   0x00000002   PAD
    0x0800073c   0x0800073c   0x0000000c   Code   RO           46    .text.get_ms        my_delay.o
    0x08000748   0x08000748   0x0000000c   Code   RO           48    .text.get_start_ms  my_delay.o
    0x08000754   0x08000754   0x0000000c   Code   RO           50    .text.get_timeout_flag  my_delay.o
    0x08000760   0x08000760   0x00000068   Code   RO           23    .text.gpio_conf_set  my_gpio.o
    0x080007c8   0x080007c8   0x00000082   Code   RO           17    .text.gpio_get_state  my_gpio.o
    0x0800084a   0x0800084a   0x00000002   PAD
    0x0800084c   0x0800084c   0x0000007e   Code   RO           15    .text.gpio_port_clock  my_gpio.o
    0x080008ca   0x080008ca   0x00000002   PAD
    0x080008cc   0x080008cc   0x00000030   Code   RO          124    .text.has_unread    usart_better.o
    0x080008fc   0x080008fc   0x0000002e   Code   RO           79    .text.init_button   button.o
    0x0800092a   0x0800092a   0x00000002   PAD
    0x0800092c   0x0800092c   0x0000002e   Code   RO           21    .text.init_gpio     my_gpio.o
    0x0800095a   0x0800095a   0x00000002   PAD
    0x0800095c   0x0800095c   0x00000026   Code   RO           40    .text.init_my_delay  my_delay.o
    0x08000982   0x08000982   0x00000002   PAD
    0x08000984   0x08000984   0x00000036   Code   RO          104    .text.init_ring_buff  usart_better.o
    0x080009ba   0x080009ba   0x00000002   PAD
    0x080009bc   0x080009bc   0x000000b6   Code   RO          164    .text.init_terminal  terminal.o
    0x08000a72   0x08000a72   0x00000002   PAD
    0x08000a74   0x08000a74   0x00000068   Code   RO          142    .text.init_usart    usart_better.o
    0x08000adc   0x08000adc   0x0000006a   Code   RO            2    .text.main          main.o
    0x08000b46   0x08000b46   0x00000002   PAD
    0x08000b48   0x08000b48   0x00000074   Code   RO          168    .text.prepare_send  terminal.o
    0x08000bbc   0x08000bbc   0x0000002e   Code   RO          162    .text.print         terminal.o
    0x08000bea   0x08000bea   0x00000002   PAD
    0x08000bec   0x08000bec   0x0000001a   Code   RO          134    .text.read_element  usart_better.o
    0x08000c06   0x08000c06   0x00000002   PAD
    0x08000c08   0x08000c08   0x0000000c   Code   RO          160    .text.ready_send    terminal.o
    0x08000c14   0x08000c14   0x0000001e   Code   RO          116    .text.recieve       usart_better.o
    0x08000c32   0x08000c32   0x00000002   PAD
    0x08000c34   0x08000c34   0x0000001e   Code   RO          114    .text.reset_TXE     usart_better.o
    0x08000c52   0x08000c52   0x00000002   PAD
    0x08000c54   0x08000c54   0x00000012   Code   RO           44    .text.reset_start_ms  my_delay.o
    0x08000c66   0x08000c66   0x00000002   PAD
    0x08000c68   0x08000c68   0x00000048   Code   RO          122    .text.send          usart_better.o
    0x08000cb0   0x08000cb0   0x00000070   Code   RO          172    .text.send_str      terminal.o
    0x08000d20   0x08000d20   0x00000014   Code   RO          108    .text.set_RBUFF     usart_better.o
    0x08000d34   0x08000d34   0x00000014   Code   RO          106    .text.set_TBUFF     usart_better.o
    0x08000d48   0x08000d48   0x00000018   Code   RO          102    .text.set_TBUFF_bussy  usart_better.o
    0x08000d60   0x08000d60   0x0000001e   Code   RO          112    .text.set_TXE       usart_better.o
    0x08000d7e   0x08000d7e   0x00000002   PAD
    0x08000d80   0x08000d80   0x0000002c   Code   RO          118    .text.set_element   usart_better.o
    0x08000dac   0x08000dac   0x00000014   Code   RO           54    .text.start_timeout  my_delay.o
    0x08000dc0   0x08000dc0   0x0000000e   Code   RO           52    .text.stop_timeout  my_delay.o
    0x08000dce   0x08000dce   0x00000002   PAD
    0x08000dd0   0x08000dd0   0x0000003e   Code   RO           56    .text.timeout       my_delay.o
    0x08000e0e   0x08000e0e   0x00000002   PAD
    0x08000e10   0x08000e10   0x00000020   Data   RO          381    Region$$Table       anon$$obj.o


    Execution Region RW_IRAM1 (Exec base: 0x20000000, Load base: 0x08000e30, Size: 0x000006e0, Max: 0x00005000, ABSOLUTE)

    Exec Addr    Load Addr    Size         Type   Attr      Idx    E Section Name        Object

    0x20000000   0x08000e30   0x00000004   Data   RW          207    .data.SystemCoreClock  system_stm32f10x.o
    0x20000004   0x08000e34   0x0000000f   Data   RW          175    .data.static_buff   terminal.o
    0x20000013   0x08000e43   0x00000005   PAD
    0x20000018        -       0x00000060   Zero   RW          248    .bss                c_w.l(libspace.o)
    0x20000078        -       0x00000004   Zero   RW          149    .bss.RBUFF          usart_better.o
    0x2000007c        -       0x0000000c   Zero   RW          178    .bss.RBUFF_terminal  terminal.o
    0x20000088        -       0x0000000c   Zero   RW          180    .bss.STATIC_WORD    terminal.o
    0x20000094        -       0x00000004   Zero   RW          148    .bss.TBUFF          usart_better.o
    0x20000098        -       0x00000001   Zero   RW          146    .bss.TBUFF_bussy    usart_better.o
    0x20000099   0x08000e43   0x00000003   PAD
    0x2000009c        -       0x0000000c   Zero   RW          176    .bss.TBUFF_terminal  terminal.o
    0x200000a8        -       0x00000010   Zero   RW          179    .bss.buff_r         terminal.o
    0x200000b8        -       0x00000010   Zero   RW          177    .bss.buff_t         terminal.o
    0x200000c8        -       0x00000001   Zero   RW           81    .bss.button_state1  button.o
    0x200000c9        -       0x00000001   Zero   RW           82    .bss.button_state2  button.o
    0x200000ca   0x08000e43   0x00000002   PAD
    0x200000cc        -       0x00000004   Zero   RW           83    .bss.check_button1.button_count  button.o
    0x200000d0        -       0x00000004   Zero   RW           84    .bss.check_button2.button_count  button.o
    0x200000d4        -       0x00000001   Zero   RW          147    .bss.flag_TXE       usart_better.o
    0x200000d5        -       0x00000001   Zero   RW          174    .bss.is_print_ready  terminal.o
    0x200000d6        -       0x00000002   Zero   RW           64    .bss.ms             my_delay.o
    0x200000d8        -       0x00000002   Zero   RW           67    .bss.start_ms       my_delay.o
    0x200000da        -       0x00000001   Zero   RW           65    .bss.timeout_flag   my_delay.o
    0x200000db   0x08000e43   0x00000005   PAD
    0x200000e0        -       0x00000200   Zero   RW          190    HEAP                startup_stm32f10x_md.o
    0x200002e0        -       0x00000400   Zero   RW          189    STACK               startup_stm32f10x_md.o


==============================================================================

Image component sizes


      Code (inc. data)   RO Data    RW Data    ZI Data      Debug   Object Name

       270          0          0          0         10       1319   button.o
       106          0          0          0          0        755   main.o
       382          0          0          0          5       4613   my_delay.o
       406          0          0          0          0       2095   my_gpio.o
        64         26        236          0       1536        804   startup_stm32f10x_md.o
       400          0          0          4          0       2824   system_stm32f10x.o
       568          0          0         15         69       1864   terminal.o
       838          0          0          0         10       6243   usart_better.o

    ----------------------------------------------------------------------
      3084         26        268         20       1644      20517   Object Totals
         0          0         32          0          0          0   (incl. Generated)
        50          0          0          1         14          0   (incl. Padding)

    ----------------------------------------------------------------------

      Code (inc. data)   RO Data    RW Data    ZI Data      Debug   Library Member Name

         8          0          0          0          0         68   __main.o
         0          0          0          0          0          0   __rtentry.o
        12          0          0          0          0          0   __rtentry2.o
         6          0          0          0          0          0   __rtentry4.o
        52          8          0          0          0          0   __scatter.o
        26          0          0          0          0          0   __scatter_copy.o
        28          0          0          0          0          0   __scatter_zi.o
        18          0          0          0          0         80   exit.o
         6          0          0          0          0        152   heapauxi.o
         0          0          0          0          0          0   indicate_semi.o
         2          0          0          0          0          0   libinit.o
         2          0          0          0          0          0   libinit2.o
         2          0          0          0          0          0   libshutdown.o
         2          0          0          0          0          0   libshutdown2.o
         8          4          0          0         96         68   libspace.o
         2          0          0          0          0          0   rtexit.o
        10          0          0          0          0          0   rtexit2.o
        12          4          0          0          0         68   sys_exit.o
        74          0          0          0          0         80   sys_stackheap_outer.o
         2          0          0          0          0         68   use_no_semi.o

    ----------------------------------------------------------------------
       280         16          0          0         96        584   Library Totals
         8          0          0          0          0          0   (incl. Padding)

    ----------------------------------------------------------------------

      Code (inc. data)   RO Data    RW Data    ZI Data      Debug   Library Name

       272         16          0          0         96        584   c_w.l

    ----------------------------------------------------------------------
       280         16          0          0         96        584   Library Totals

    ----------------------------------------------------------------------

==============================================================================


      Code (inc. data)   RO Data    RW Data    ZI Data      Debug   

      3364         42        268         20       1740      20873   Grand Totals
      3364         42        268         20       1740      20873   ELF Image Totals
      3364         42        268         20          0          0   ROM Totals

==============================================================================

    Total RO  Size (Code + RO Data)                 3632 (   3.55kB)
    Total RW  Size (RW Data + ZI Data)              1760 (   1.72kB)
    Total ROM Size (Code + RO Data + RW Data)       3652 (   3.57kB)

==============================================================================

